###############################################################################
#
# IAR ELF Linker V7.60.2.11341/W32 for ARM                04/Jun/2020  15:03:10
# Copyright 2007-2016 IAR Systems AB.
#
#    Output file  =  E:\project\rt-thread\bsp\fyyp_rtu\Debug\Exe\fyyp_rtu.out
#    Map file     =  E:\project\rt-thread\bsp\fyyp_rtu\Debug\List\fyyp_rtu.map
#    Command line =  
#        E:\project\rt-thread\bsp\fyyp_rtu\Debug\Obj\board.o
#        E:\project\rt-thread\bsp\fyyp_rtu\Debug\Obj\clock.o
#        E:\project\rt-thread\bsp\fyyp_rtu\Debug\Obj\components.o
#        E:\project\rt-thread\bsp\fyyp_rtu\Debug\Obj\context_iar.o
#        E:\project\rt-thread\bsp\fyyp_rtu\Debug\Obj\cpu.o
#        E:\project\rt-thread\bsp\fyyp_rtu\Debug\Obj\cpuport.o
#        E:\project\rt-thread\bsp\fyyp_rtu\Debug\Obj\device.o
#        E:\project\rt-thread\bsp\fyyp_rtu\Debug\Obj\drv_fyyp.o
#        E:\project\rt-thread\bsp\fyyp_rtu\Debug\Obj\drv_iic.o
#        E:\project\rt-thread\bsp\fyyp_rtu\Debug\Obj\drv_lpm.o
#        E:\project\rt-thread\bsp\fyyp_rtu\Debug\Obj\drv_mempool.o
#        E:\project\rt-thread\bsp\fyyp_rtu\Debug\Obj\drv_pin.o
#        E:\project\rt-thread\bsp\fyyp_rtu\Debug\Obj\drv_rtcee.o
#        E:\project\rt-thread\bsp\fyyp_rtu\Debug\Obj\drv_tevent.o
#        E:\project\rt-thread\bsp\fyyp_rtu\Debug\Obj\drv_w25qxxx.o
#        E:\project\rt-thread\bsp\fyyp_rtu\Debug\Obj\idle.o
#        E:\project\rt-thread\bsp\fyyp_rtu\Debug\Obj\ipc.o
#        E:\project\rt-thread\bsp\fyyp_rtu\Debug\Obj\irq.o
#        E:\project\rt-thread\bsp\fyyp_rtu\Debug\Obj\kservice.o
#        E:\project\rt-thread\bsp\fyyp_rtu\Debug\Obj\main.o
#        E:\project\rt-thread\bsp\fyyp_rtu\Debug\Obj\mem.o
#        E:\project\rt-thread\bsp\fyyp_rtu\Debug\Obj\memheap.o
#        E:\project\rt-thread\bsp\fyyp_rtu\Debug\Obj\mempool.o
#        E:\project\rt-thread\bsp\fyyp_rtu\Debug\Obj\object.o
#        E:\project\rt-thread\bsp\fyyp_rtu\Debug\Obj\scheduler.o
#        E:\project\rt-thread\bsp\fyyp_rtu\Debug\Obj\signal.o
#        E:\project\rt-thread\bsp\fyyp_rtu\Debug\Obj\slab.o
#        E:\project\rt-thread\bsp\fyyp_rtu\Debug\Obj\startup_stm32f407xx.o
#        E:\project\rt-thread\bsp\fyyp_rtu\Debug\Obj\stm32f4xx_hal.o
#        E:\project\rt-thread\bsp\fyyp_rtu\Debug\Obj\stm32f4xx_hal_adc.o
#        E:\project\rt-thread\bsp\fyyp_rtu\Debug\Obj\stm32f4xx_hal_adc_ex.o
#        E:\project\rt-thread\bsp\fyyp_rtu\Debug\Obj\stm32f4xx_hal_cortex.o
#        E:\project\rt-thread\bsp\fyyp_rtu\Debug\Obj\stm32f4xx_hal_dma.o
#        E:\project\rt-thread\bsp\fyyp_rtu\Debug\Obj\stm32f4xx_hal_dma_ex.o
#        E:\project\rt-thread\bsp\fyyp_rtu\Debug\Obj\stm32f4xx_hal_exti.o
#        E:\project\rt-thread\bsp\fyyp_rtu\Debug\Obj\stm32f4xx_hal_flash.o
#        E:\project\rt-thread\bsp\fyyp_rtu\Debug\Obj\stm32f4xx_hal_flash_ex.o
#        E:\project\rt-thread\bsp\fyyp_rtu\Debug\Obj\stm32f4xx_hal_flash_ramfunc.o
#        E:\project\rt-thread\bsp\fyyp_rtu\Debug\Obj\stm32f4xx_hal_gpio.o
#        E:\project\rt-thread\bsp\fyyp_rtu\Debug\Obj\stm32f4xx_hal_iwdg.o
#        E:\project\rt-thread\bsp\fyyp_rtu\Debug\Obj\stm32f4xx_hal_pcd.o
#        E:\project\rt-thread\bsp\fyyp_rtu\Debug\Obj\stm32f4xx_hal_pcd_ex.o
#        E:\project\rt-thread\bsp\fyyp_rtu\Debug\Obj\stm32f4xx_hal_pwr.o
#        E:\project\rt-thread\bsp\fyyp_rtu\Debug\Obj\stm32f4xx_hal_pwr_ex.o
#        E:\project\rt-thread\bsp\fyyp_rtu\Debug\Obj\stm32f4xx_hal_rcc.o
#        E:\project\rt-thread\bsp\fyyp_rtu\Debug\Obj\stm32f4xx_hal_rcc_ex.o
#        E:\project\rt-thread\bsp\fyyp_rtu\Debug\Obj\stm32f4xx_hal_spi.o
#        E:\project\rt-thread\bsp\fyyp_rtu\Debug\Obj\stm32f4xx_hal_uart.o
#        E:\project\rt-thread\bsp\fyyp_rtu\Debug\Obj\stm32f4xx_hal_usart.o
#        E:\project\rt-thread\bsp\fyyp_rtu\Debug\Obj\stm32f4xx_it.o
#        E:\project\rt-thread\bsp\fyyp_rtu\Debug\Obj\stm32f4xx_ll_usb.o
#        E:\project\rt-thread\bsp\fyyp_rtu\Debug\Obj\system_stm32f4xx.o
#        E:\project\rt-thread\bsp\fyyp_rtu\Debug\Obj\thread.o
#        E:\project\rt-thread\bsp\fyyp_rtu\Debug\Obj\timer.o
#        E:\project\rt-thread\bsp\fyyp_rtu\Debug\Obj\usbd_cdc.o
#        E:\project\rt-thread\bsp\fyyp_rtu\Debug\Obj\usbd_cdc_interface.o
#        E:\project\rt-thread\bsp\fyyp_rtu\Debug\Obj\usbd_conf.o
#        E:\project\rt-thread\bsp\fyyp_rtu\Debug\Obj\usbd_core.o
#        E:\project\rt-thread\bsp\fyyp_rtu\Debug\Obj\usbd_ctlreq.o
#        E:\project\rt-thread\bsp\fyyp_rtu\Debug\Obj\usbd_desc.o
#        E:\project\rt-thread\bsp\fyyp_rtu\Debug\Obj\usbd_ioreq.o -o
#        E:\project\rt-thread\bsp\fyyp_rtu\Debug\Exe\fyyp_rtu.out --map
#        E:\project\rt-thread\bsp\fyyp_rtu\Debug\List\fyyp_rtu.map --config
#        E:\project\rt-thread\bsp\fyyp_rtu\fyyp_rtu.icf --semihosting --entry
#        __iar_program_start --vfe
#
###############################################################################

*******************************************************************************
*** RUNTIME MODEL ATTRIBUTES
***

CppFlavor       = *
__Heap_Handler  = Basic
__SystemLibrary = DLib


*******************************************************************************
*** PLACEMENT SUMMARY
***

"A1":  place at 0x08020000 { ro section .intvec };
"P1":  place in [from 0x08020000 to 0x0807ffff] { ro };
"P3":  place in [from 0x10000000 to 0x1000ffff] { block CSTACK, section .ccram };
"P4":  place in [from 0x20000000 to 0x2001bfff] |
                [from 0x2001c000 to 0x2001ffff] { rw, block HEAP };
initialize by copy { rw };

  Section            Kind        Address    Size  Object
  -------            ----        -------    ----  ------
"A1":                                      0x188
  .intvec            ro code  0x08020000   0x188  startup_stm32f407xx.o [1]
                            - 0x08020188   0x188

"P1":                                     0x70b4
  .text              ro code  0x08020188   0xe50  stm32f4xx_ll_usb.o [1]
  .text              ro code  0x08020fd8    0x88  stm32f4xx_hal.o [1]
  .text              ro code  0x08021060   0x15c  stm32f4xx_hal_cortex.o [1]
  .text              ro code  0x080211bc   0xc70  stm32f4xx_hal_pcd.o [1]
  .text              ro code  0x08021e2c   0x30a  usbd_conf.o [1]
  .text              ro code  0x08022138    0x56  ABImemcpy_unaligned.o [5]
  .text              ro code  0x0802218e    0x64  stm32f4xx_hal_pcd_ex.o [1]
  .text              ro code  0x080221f4   0x618  stm32f4xx_hal_rcc.o [1]
  .text              ro code  0x0802280c   0x754  drv_pin.o [1]
  .text              ro code  0x08022f60   0x392  usbd_core.o [1]
  .text              ro code  0x080232f4    0xee  I64DivMod.o [5]
  .text              ro code  0x080233e4    0x30  irq.o [1]
  .text              ro code  0x08023414   0x4e4  drv_lpm.o [1]
  .text              ro code  0x080238f8   0x23c  stm32f4xx_hal_gpio.o [1]
  .text              ro code  0x08023b34    0xfc  context_iar.o [1]
  .text              ro code  0x08023c30   0x700  usbd_ctlreq.o [1]
  .text              ro code  0x08024330    0x94  usbd_ioreq.o [1]
  .text              ro code  0x080243c4     0x2  I64DivZer.o [5]
  .text              ro code  0x080243c8    0x66  ABImemset.o [5]
  .text              ro code  0x08024430   0x150  idle.o [1]
  .text              ro code  0x08024580   0x26c  scheduler.o [1]
  .text              ro code  0x080247ec     0xc  stm32f4xx_hal_pwr_ex.o [1]
  .text              ro code  0x080247f8    0x44  stm32f4xx_hal_pwr.o [1]
  .text              ro code  0x0802483c    0x68  cpuport.o [1]
  .text              ro code  0x080248a4    0xb2  object.o [1]
  .text              ro code  0x08024958   0x5ac  kservice.o [1]
  .text              ro code  0x08024f04   0x266  thread.o [1]
  .text              ro code  0x0802516c   0x2a6  timer.o [1]
  .text              ro code  0x08025414    0x34  clock.o [1]
  .text              ro code  0x08025448   0x37c  usbd_cdc.o [1]
  .text              ro code  0x080257c4   0x308  usbd_cdc_interface.o [1]
  .text              ro code  0x08025acc   0x24c  ipc.o [1]
  .text              ro code  0x08025d18   0x28c  drv_rtcee.o [1]
  .text              ro code  0x08025fa4   0x1f4  drv_iic.o [1]
  .text              ro code  0x08026198   0x260  drv_w25qxxx.o [1]
  .text              ro code  0x080263f8    0xa2  stm32f4xx_hal_spi.o [1]
  .text              ro code  0x0802649c   0x1e6  board.o [1]
  .text              ro code  0x08026684   0x16c  stm32f4xx_hal_rcc_ex.o [1]
  .text              ro code  0x080267f0    0xc6  components.o [1]
  .text              ro code  0x080268b8    0x28  data_init.o [5]
  .text              ro code  0x080268e0    0x44  main.o [1]
  .text              ro code  0x08026924    0x30  drv_tevent.o [1]
  .text              ro code  0x08026954   0x136  usbd_desc.o [1]
  .rodata            const    0x08026a8c   0x100  kservice.o [1]
  .text              ro code  0x08026b8c    0xa8  drv_mempool.o [1]
  .text              ro code  0x08026c34    0x76  mempool.o [1]
  .text              ro code  0x08026cac    0x60  system_stm32f4xx.o [1]
  .text              ro code  0x08026d0c    0x40  zero_init3.o [5]
  .text              ro code  0x08026d4c    0x2c  copy_init3.o [5]
  .rodata            const    0x08026d78    0x24  usbd_desc.o [1]
  .rodata            const    0x08026d9c    0x24  usbd_desc.o [1]
  .iar.init_table    const    0x08026dc0    0x24  - Linker created -
  .text              ro code  0x08026de4    0x20  stm32f4xx_it.o [1]
  .text              ro code  0x08026e04    0x1a  cmain.o [5]
  .text              ro code  0x08026e1e     0x4  exit.o [3]
  .text              ro code  0x08026e24     0xa  cexit.o [5]
  .text              ro code  0x08026e30    0x14  exit.o [6]
  .rodata            const    0x08026e44    0x14  kservice.o [1]
  .rodata            const    0x08026e58    0x14  kservice.o [1]
  .rodata            const    0x08026e6c    0x14  usbd_desc.o [1]
  .rodata            const    0x08026e80    0x10  system_stm32f4xx.o [1]
  .rodata            const    0x08026e90    0x10  usbd_desc.o [1]
  .text              ro code  0x08026ea0    0x10  startup_stm32f407xx.o [1]
  .rodata            const    0x08026eb0     0xc  usbd_desc.o [1]
  .text              ro code  0x08026ebc     0xc  cstartup_M.o [5]
  .rodata            const    0x08026ec8     0x8  components.o [1]
  .rodata            const    0x08026ed0     0x8  drv_rtcee.o [1]
  .rodata            const    0x08026ed8     0x8  drv_tevent.o [1]
  .rodata            const    0x08026ee0     0x8  drv_w25qxxx.o [1]
  .rodata            const    0x08026ee8     0x8  idle.o [1]
  .rodata            const    0x08026ef0     0x8  kservice.o [1]
  .rodata            const    0x08026ef8     0x8  usbd_cdc_interface.o [1]
  .rti_fn.0          const    0x08026f00     0x4  components.o [1]
  .rti_fn.0.end      const    0x08026f04     0x4  components.o [1]
  .rti_fn.1          const    0x08026f08     0x4  board.o [1]
  .rti_fn.1          const    0x08026f0c     0x4  drv_lpm.o [1]
  .rti_fn.1.end      const    0x08026f10     0x4  components.o [1]
  .rti_fn.2          const    0x08026f14     0x4  drv_lpm.o [1]
  .rti_fn.2          const    0x08026f18     0x4  drv_mempool.o [1]
  .rti_fn.2          const    0x08026f1c     0x4  drv_tevent.o [1]
  .rti_fn.3          const    0x08026f20     0x4  drv_rtcee.o [1]
  .rti_fn.3          const    0x08026f24     0x4  drv_w25qxxx.o [1]
  .rti_fn.3          const    0x08026f28     0x4  usbd_cdc_interface.o [1]
  .rti_fn.6          const    0x08026f2c     0x4  usbd_cdc_interface.o [1]
  .rti_fn.6.end      const    0x08026f30     0x4  components.o [1]
  .text              ro code  0x08026f34     0x4  startup_stm32f407xx.o [1]
  .text              ro code  0x08026f38     0x4  startup_stm32f407xx.o [1]
  .text              ro code  0x08026f3c     0x4  startup_stm32f407xx.o [1]
  .text              ro code  0x08026f40     0x4  startup_stm32f407xx.o [1]
  .text              ro code  0x08026f44     0x4  startup_stm32f407xx.o [1]
  .text              ro code  0x08026f48     0x4  startup_stm32f407xx.o [1]
  .text              ro code  0x08026f4c     0x4  startup_stm32f407xx.o [1]
  .text              ro code  0x08026f50     0x4  startup_stm32f407xx.o [1]
  .text              ro code  0x08026f54     0x4  startup_stm32f407xx.o [1]
  .text              ro code  0x08026f58     0x4  startup_stm32f407xx.o [1]
  .text              ro code  0x08026f5c     0x4  startup_stm32f407xx.o [1]
  .text              ro code  0x08026f60     0x4  startup_stm32f407xx.o [1]
  .text              ro code  0x08026f64     0x4  startup_stm32f407xx.o [1]
  .text              ro code  0x08026f68     0x4  startup_stm32f407xx.o [1]
  .text              ro code  0x08026f6c     0x4  startup_stm32f407xx.o [1]
  .text              ro code  0x08026f70     0x4  startup_stm32f407xx.o [1]
  .text              ro code  0x08026f74     0x4  startup_stm32f407xx.o [1]
  .text              ro code  0x08026f78     0x4  startup_stm32f407xx.o [1]
  .text              ro code  0x08026f7c     0x4  startup_stm32f407xx.o [1]
  .text              ro code  0x08026f80     0x4  startup_stm32f407xx.o [1]
  .text              ro code  0x08026f84     0x4  startup_stm32f407xx.o [1]
  .text              ro code  0x08026f88     0x4  startup_stm32f407xx.o [1]
  .text              ro code  0x08026f8c     0x4  startup_stm32f407xx.o [1]
  .text              ro code  0x08026f90     0x4  startup_stm32f407xx.o [1]
  .text              ro code  0x08026f94     0x4  startup_stm32f407xx.o [1]
  .text              ro code  0x08026f98     0x4  startup_stm32f407xx.o [1]
  .text              ro code  0x08026f9c     0x4  startup_stm32f407xx.o [1]
  .text              ro code  0x08026fa0     0x4  startup_stm32f407xx.o [1]
  .text              ro code  0x08026fa4     0x4  startup_stm32f407xx.o [1]
  .text              ro code  0x08026fa8     0x4  startup_stm32f407xx.o [1]
  .text              ro code  0x08026fac     0x4  startup_stm32f407xx.o [1]
  .text              ro code  0x08026fb0     0x4  startup_stm32f407xx.o [1]
  .text              ro code  0x08026fb4     0x4  startup_stm32f407xx.o [1]
  .text              ro code  0x08026fb8     0x4  startup_stm32f407xx.o [1]
  .text              ro code  0x08026fbc     0x4  startup_stm32f407xx.o [1]
  .text              ro code  0x08026fc0     0x4  startup_stm32f407xx.o [1]
  .text              ro code  0x08026fc4     0x4  startup_stm32f407xx.o [1]
  .text              ro code  0x08026fc8     0x4  startup_stm32f407xx.o [1]
  .text              ro code  0x08026fcc     0x4  startup_stm32f407xx.o [1]
  .text              ro code  0x08026fd0     0x4  startup_stm32f407xx.o [1]
  .text              ro code  0x08026fd4     0x4  startup_stm32f407xx.o [1]
  .text              ro code  0x08026fd8     0x4  startup_stm32f407xx.o [1]
  .text              ro code  0x08026fdc     0x4  startup_stm32f407xx.o [1]
  .text              ro code  0x08026fe0     0x4  startup_stm32f407xx.o [1]
  .text              ro code  0x08026fe4     0x4  startup_stm32f407xx.o [1]
  .text              ro code  0x08026fe8     0x4  startup_stm32f407xx.o [1]
  .text              ro code  0x08026fec     0x4  startup_stm32f407xx.o [1]
  .text              ro code  0x08026ff0     0x4  startup_stm32f407xx.o [1]
  .text              ro code  0x08026ff4     0x4  startup_stm32f407xx.o [1]
  .text              ro code  0x08026ff8     0x4  startup_stm32f407xx.o [1]
  .text              ro code  0x08026ffc     0x4  startup_stm32f407xx.o [1]
  .text              ro code  0x08027000     0x4  startup_stm32f407xx.o [1]
  .text              ro code  0x08027004     0x4  startup_stm32f407xx.o [1]
  .text              ro code  0x08027008     0x4  startup_stm32f407xx.o [1]
  .text              ro code  0x0802700c     0x4  startup_stm32f407xx.o [1]
  .text              ro code  0x08027010     0x4  startup_stm32f407xx.o [1]
  .text              ro code  0x08027014     0x4  startup_stm32f407xx.o [1]
  .text              ro code  0x08027018     0x4  startup_stm32f407xx.o [1]
  .text              ro code  0x0802701c     0x4  startup_stm32f407xx.o [1]
  .text              ro code  0x08027020     0x4  startup_stm32f407xx.o [1]
  .text              ro code  0x08027024     0x4  startup_stm32f407xx.o [1]
  .text              ro code  0x08027028     0x4  startup_stm32f407xx.o [1]
  .text              ro code  0x0802702c     0x4  startup_stm32f407xx.o [1]
  .text              ro code  0x08027030     0x4  startup_stm32f407xx.o [1]
  .text              ro code  0x08027034     0x4  startup_stm32f407xx.o [1]
  .text              ro code  0x08027038     0x4  startup_stm32f407xx.o [1]
  .text              ro code  0x0802703c     0x4  startup_stm32f407xx.o [1]
  .text              ro code  0x08027040     0x4  startup_stm32f407xx.o [1]
  .text              ro code  0x08027044     0x4  startup_stm32f407xx.o [1]
  .text              ro code  0x08027048     0x4  startup_stm32f407xx.o [1]
  .text              ro code  0x0802704c     0x4  startup_stm32f407xx.o [1]
  .text              ro code  0x08027050     0x4  startup_stm32f407xx.o [1]
  .text              ro code  0x08027054     0x4  startup_stm32f407xx.o [1]
  .rodata            const    0x08027058     0x0  zero_init3.o [5]
  .rodata            const    0x08027058     0x0  copy_init3.o [5]
  Initializer bytes  const    0x08027058   0x1e4  <for P4 s0>
                            - 0x0802723c  0x70b4

"P3":                                     0x2000
  CSTACK                      0x10000000  0x2000  <Block>
    CSTACK           uninit   0x10000000  0x2000  <Block tail>
                            - 0x10002000  0x2000

"P4", part 1 of 2:                         0x1e4
  P4 s0                       0x20000000   0x1e4  <Init block>
    .data            inited   0x20000000    0x60  object.o [1]
    .data            inited   0x20000060    0x44  usbd_cdc.o [1]
    .data            inited   0x200000a4    0x44  usbd_cdc.o [1]
    .data            inited   0x200000e8    0x44  usbd_cdc.o [1]
    .data            inited   0x2000012c    0x38  usbd_cdc.o [1]
    .data            inited   0x20000164    0x1c  usbd_desc.o [1]
    .data            inited   0x20000180    0x1c  usbd_desc.o [1]
    .data            inited   0x2000019c    0x14  usbd_desc.o [1]
    .data            inited   0x200001b0    0x10  usbd_cdc_interface.o [1]
    .data            inited   0x200001c0     0xc  usbd_cdc.o [1]
    .data            inited   0x200001cc     0x8  usbd_cdc_interface.o [1]
    .data            inited   0x200001d4     0x4  stm32f4xx_hal.o [1]
    .data            inited   0x200001d8     0x4  system_stm32f4xx.o [1]
    .data            inited   0x200001dc     0x4  usbd_desc.o [1]
    .data            inited   0x200001e0     0x1  stm32f4xx_hal.o [1]
                            - 0x200001e4   0x1e4

"P4", part 2 of 2:                        0x8c84
  .bss               zero     0x200001e4  0x2b20  drv_mempool.o [1]
  .bss               zero     0x20002d04  0x2724  drv_mempool.o [1]
  .bss               zero     0x20005428  0x1428  drv_mempool.o [1]
  .bss               zero     0x20006850   0xa28  drv_mempool.o [1]
  .bss               zero     0x20007278   0x7bc  drv_mempool.o [1]
  .bss               zero     0x20007a34   0x408  usbd_conf.o [1]
  .bss               zero     0x20007e3c   0x29c  usbd_cdc_interface.o [1]
  .bss               zero     0x200080d8   0x21c  usbd_conf.o [1]
  .bss               zero     0x200082f4   0x200  usbd_cdc_interface.o [1]
  .bss               zero     0x200084f8   0x180  components.o [1]
  .bss               zero     0x20008678   0x180  idle.o [1]
  .bss               zero     0x200087f8   0x100  scheduler.o [1]
  .bss               zero     0x200088f8   0x100  usbd_desc.o [1]
  .bss               zero     0x200089f8    0xc0  drv_pin.o [1]
  .bss               zero     0x20008ab8    0x80  components.o [1]
  .bss               zero     0x20008b38    0x80  idle.o [1]
  .bss               zero     0x20008bb8    0x80  usbd_cdc_interface.o [1]
  .bss               zero     0x20008c38    0x40  usbd_cdc_interface.o [1]
  .bss               zero     0x20008c78    0x38  drv_mempool.o [1]
  .bss               zero     0x20008cb0    0x38  drv_mempool.o [1]
  .bss               zero     0x20008ce8    0x38  drv_mempool.o [1]
  .bss               zero     0x20008d20    0x38  drv_mempool.o [1]
  .bss               zero     0x20008d58    0x38  drv_mempool.o [1]
  .bss               zero     0x20008d90    0x20  drv_rtcee.o [1]
  .bss               zero     0x20008db0    0x20  drv_tevent.o [1]
  .bss               zero     0x20008dd0    0x20  drv_w25qxxx.o [1]
  .bss               zero     0x20008df0    0x20  usbd_cdc_interface.o [1]
  .bss               zero     0x20008e10    0x10  idle.o [1]
  .bss               zero     0x20008e20     0x8  drv_lpm.o [1]
  .bss               zero     0x20008e28     0x8  scheduler.o [1]
  .bss               zero     0x20008e30     0x8  timer.o [1]
  .bss               zero     0x20008e38     0x4  clock.o [1]
  .bss               zero     0x20008e3c     0x4  cpuport.o [1]
  .bss               zero     0x20008e40     0x4  cpuport.o [1]
  .bss               zero     0x20008e44     0x4  cpuport.o [1]
  .bss               zero     0x20008e48     0x4  cpuport.o [1]
  .bss               zero     0x20008e4c     0x4  scheduler.o [1]
  .bss               zero     0x20008e50     0x4  scheduler.o [1]
  .bss               zero     0x20008e54     0x4  stm32f4xx_hal.o [1]
  .bss               zero     0x20008e58     0x4  timer.o [1]
  .bss               zero     0x20008e5c     0x4  usbd_cdc_interface.o [1]
  .bss               zero     0x20008e60     0x2  scheduler.o [1]
  .bss               zero     0x20008e62     0x1  drv_lpm.o [1]
  .bss               zero     0x20008e63     0x1  irq.o [1]
  .bss               zero     0x20008e64     0x1  scheduler.o [1]
  .bss               zero     0x20008e65     0x1  usbd_cdc_interface.o [1]
  .bss               zero     0x20008e66     0x1  usbd_ctlreq.o [1]
                            - 0x20008e67  0x8c83


*******************************************************************************
*** INIT TABLE
***

          Address     Size
          -------     ----
Zero (__iar_zero_init3)
    1 destination range, total size 0x8c83:
          0x200001e4  0x8c83

Copy (__iar_copy_init3)
    1 source range, total size 0x1e4 (100% of destination):
          0x08027058   0x1e4
    1 destination range, total size 0x1e1:
          0x20000000   0x1e1



*******************************************************************************
*** MODULE SUMMARY
***

    Module                  ro code  ro data  rw data
    ------                  -------  -------  -------
E:\project\rt-thread\bsp\fyyp_rtu\Debug\Obj: [1]
    board.o                     486        4
    clock.o                      52                 4
    components.o                198       24      512
    context_iar.o               252
    cpuport.o                   104                16
    drv_iic.o                   500
    drv_lpm.o                 1 252        8        9
    drv_mempool.o               168        4   31 080
    drv_pin.o                 1 876               192
    drv_rtcee.o                 652       12       32
    drv_tevent.o                 48       12       32
    drv_w25qxxx.o               608       12       32
    idle.o                      336        8      528
    ipc.o                       588
    irq.o                        48                 1
    kservice.o                1 452      304
    main.o                       68
    mempool.o                   118
    object.o                    178       96       96
    scheduler.o                 620               275
    startup_stm32f407xx.o       700
    stm32f4xx_hal.o             136        5        9
    stm32f4xx_hal_cortex.o      348
    stm32f4xx_hal_gpio.o        572
    stm32f4xx_hal_pcd.o       3 184
    stm32f4xx_hal_pcd_ex.o      100
    stm32f4xx_hal_pwr.o          68
    stm32f4xx_hal_pwr_ex.o       12
    stm32f4xx_hal_rcc.o       1 560
    stm32f4xx_hal_rcc_ex.o      364
    stm32f4xx_hal_spi.o         162
    stm32f4xx_it.o               32
    stm32f4xx_ll_usb.o        3 664
    system_stm32f4xx.o           96       20        4
    thread.o                    614
    timer.o                     678                12
    usbd_cdc.o                  892      272      272
    usbd_cdc_interface.o        776       40    1 433
    usbd_conf.o                 778             1 572
    usbd_core.o                 914
    usbd_ctlreq.o             1 792                 1
    usbd_desc.o                 310      200      336
    usbd_ioreq.o                148
    -------------------------------------------------
    Total:                   27 504    1 021   36 448

command line: [2]
    -------------------------------------------------
    Total:

dl7M_tln.a: [3]
    exit.o                        4
    -------------------------------------------------
    Total:                        4

m7M_tl.a: [4]
    -------------------------------------------------
    Total:

rt7M_tl.a: [5]
    ABImemcpy_unaligned.o        86
    ABImemset.o                 102
    I64DivMod.o                 238
    I64DivZer.o                   2
    cexit.o                      10
    cmain.o                      26
    copy_init3.o                 44
    cstartup_M.o                 12
    data_init.o                  40
    zero_init3.o                 64
    -------------------------------------------------
    Total:                      624

shb_l.a: [6]
    exit.o                       20
    -------------------------------------------------
    Total:                       20

    Gaps                         30        2        4
    Linker created                        39    8 192
-----------------------------------------------------
    Grand Total:             28 182    1 062   44 644


*******************************************************************************
*** ENTRY LIST
***

Entry                      Address    Size  Type      Object
-----                      -------    ----  ----      ------
.iar.init_table$$Base   0x08026dc0           --   Gb  - Linker created -
.iar.init_table$$Limit  0x08026de4           --   Gb  - Linker created -
?main                   0x08026e05          Code  Gb  cmain.o [5]
AHBPrescTable           0x08026e80    0x10  Data  Gb  system_stm32f4xx.o [1]
BusFault_Handler        0x08026de9     0x2  Code  Gb  stm32f4xx_it.o [1]
CDC_Itf_Control         0x080257e9    0x98  Code  Lc  usbd_cdc_interface.o [1]
CDC_Itf_DeInit          0x080257e5     0x4  Code  Lc  usbd_cdc_interface.o [1]
CDC_Itf_Init            0x080257c5    0x20  Code  Lc  usbd_cdc_interface.o [1]
CDC_Itf_Receive         0x08025881    0x2a  Code  Lc  usbd_cdc_interface.o [1]
CSTACK$$Base            0x10000000           --   Gb  - Linker created -
CSTACK$$Limit           0x10002000           --   Gb  - Linker created -
DebugMon_Handler        0x08026def     0x2  Code  Gb  stm32f4xx_it.o [1]
EXTI0_IRQHandler        0x08022921    0x24  Code  Gb  drv_pin.o [1]
EXTI15_10_IRQHandler    0x08022a5d    0xa8  Code  Gb  drv_pin.o [1]
EXTI1_IRQHandler        0x08022945    0x24  Code  Gb  drv_pin.o [1]
EXTI2_IRQHandler        0x08022969    0x24  Code  Gb  drv_pin.o [1]
EXTI3_IRQHandler        0x0802298d    0x24  Code  Gb  drv_pin.o [1]
EXTI4_IRQHandler        0x080229b1    0x24  Code  Gb  drv_pin.o [1]
EXTI9_5_IRQHandler      0x080229d5    0x88  Code  Gb  drv_pin.o [1]
Get_SerialNum           0x080269e9    0x28  Code  Lc  usbd_desc.o [1]
HAL_Delay               0x0802102f    0x22  Code  Wk  stm32f4xx_hal.o [1]
HAL_GPIO_Init           0x080238f9   0x1de  Code  Gb  stm32f4xx_hal_gpio.o [1]
HAL_GPIO_ReadPin        0x08023ad7    0x12  Code  Gb  stm32f4xx_hal_gpio.o [1]
HAL_GPIO_WritePin       0x08023ae9    0x14  Code  Gb  stm32f4xx_hal_gpio.o [1]
HAL_GetTick             0x08021029     0x6  Code  Wk  stm32f4xx_hal.o [1]
HAL_IncTick             0x08021019    0x10  Code  Wk  stm32f4xx_hal.o [1]
HAL_InitTick            0x08020fd9    0x40  Code  Wk  stm32f4xx_hal.o [1]
HAL_NVIC_DisableIRQ     0x08021185     0xa  Code  Gb  stm32f4xx_hal_cortex.o [1]
HAL_NVIC_EnableIRQ      0x0802117b     0xa  Code  Gb  stm32f4xx_hal_cortex.o [1]
HAL_NVIC_SetPriority    0x08021159    0x22  Code  Gb  stm32f4xx_hal_cortex.o [1]
HAL_NVIC_SetPriorityGrouping
                        0x08021151     0x8  Code  Gb  stm32f4xx_hal_cortex.o [1]
HAL_PCDEx_LPM_Callback  0x080221f1     0x2  Code  Wk  stm32f4xx_hal_pcd_ex.o [1]
HAL_PCDEx_SetRxFiFo     0x080221e7     0xa  Code  Gb  stm32f4xx_hal_pcd_ex.o [1]
HAL_PCDEx_SetTxFiFo     0x0802218f    0x58  Code  Gb  stm32f4xx_hal_pcd_ex.o [1]
HAL_PCD_ConnectCallback
                        0x08021fb3     0xc  Code  Gb  usbd_conf.o [1]
HAL_PCD_DataInStageCallback
                        0x08021f29    0x1a  Code  Gb  usbd_conf.o [1]
HAL_PCD_DataOutStageCallback
                        0x08021f0d    0x1c  Code  Gb  usbd_conf.o [1]
HAL_PCD_DeInit          0x08021331    0x28  Code  Gb  stm32f4xx_hal_pcd.o [1]
HAL_PCD_DisconnectCallback
                        0x08021fbf     0xc  Code  Gb  usbd_conf.o [1]
HAL_PCD_EP_Close        0x08021975    0x5e  Code  Gb  stm32f4xx_hal_pcd.o [1]
HAL_PCD_EP_ClrStall     0x08021b0d    0x72  Code  Gb  stm32f4xx_hal_pcd.o [1]
HAL_PCD_EP_GetRxCount   0x08021a25    0x12  Code  Gb  stm32f4xx_hal_pcd.o [1]
HAL_PCD_EP_Open         0x080218f9    0x7c  Code  Gb  stm32f4xx_hal_pcd.o [1]
HAL_PCD_EP_Receive      0x080219d3    0x52  Code  Gb  stm32f4xx_hal_pcd.o [1]
HAL_PCD_EP_SetStall     0x08021a83    0x8a  Code  Gb  stm32f4xx_hal_pcd.o [1]
HAL_PCD_EP_Transmit     0x08021a37    0x4c  Code  Gb  stm32f4xx_hal_pcd.o [1]
HAL_PCD_IRQHandler      0x080213db   0x4f2  Code  Gb  stm32f4xx_hal_pcd.o [1]
HAL_PCD_ISOINIncompleteCallback
                        0x08021fa5     0xe  Code  Gb  usbd_conf.o [1]
HAL_PCD_ISOOUTIncompleteCallback
                        0x08021f97     0xe  Code  Gb  usbd_conf.o [1]
HAL_PCD_Init            0x080211bd   0x174  Code  Gb  stm32f4xx_hal_pcd.o [1]
HAL_PCD_MspDeInit       0x08021e95    0x66  Code  Gb  usbd_conf.o [1]
HAL_PCD_MspInit         0x08021e2d    0x68  Code  Gb  usbd_conf.o [1]
HAL_PCD_ResetCallback   0x08021f4f    0x30  Code  Gb  usbd_conf.o [1]
HAL_PCD_ResumeCallback  0x08021f8b     0xc  Code  Gb  usbd_conf.o [1]
HAL_PCD_SOFCallback     0x08021f43     0xc  Code  Gb  usbd_conf.o [1]
HAL_PCD_SetAddress      0x080218cd    0x2c  Code  Gb  stm32f4xx_hal_pcd.o [1]
HAL_PCD_SetupStageCallback
                        0x08021efb    0x12  Code  Gb  usbd_conf.o [1]
HAL_PCD_Start           0x08021359    0x42  Code  Gb  stm32f4xx_hal_pcd.o [1]
HAL_PCD_Stop            0x0802139b    0x40  Code  Gb  stm32f4xx_hal_pcd.o [1]
HAL_PCD_SuspendCallback
                        0x08021f7f     0xc  Code  Gb  usbd_conf.o [1]
HAL_PWREx_EnableFlashPowerDown
                        0x080247ed     0x8  Code  Gb  stm32f4xx_hal_pwr_ex.o [1]
HAL_PWR_EnterSTOPMode   0x080247f9    0x3a  Code  Gb  stm32f4xx_hal_pwr.o [1]
HAL_RCC_ClockConfig     0x080225ed   0x164  Code  Gb  stm32f4xx_hal_rcc.o [1]
HAL_RCC_DeInit          0x08026685   0x142  Code  Gb  stm32f4xx_hal_rcc_ex.o [1]
HAL_RCC_GetHCLKFreq     0x080227c9     0x6  Code  Gb  stm32f4xx_hal_rcc.o [1]
HAL_RCC_GetSysClockFreq
                        0x08022751    0x78  Code  Wk  stm32f4xx_hal_rcc.o [1]
HAL_RCC_OscConfig       0x080221f5   0x3f8  Code  Wk  stm32f4xx_hal_rcc.o [1]
HAL_SPI_Init            0x080263f9    0xa0  Code  Gb  stm32f4xx_hal_spi.o [1]
HAL_SPI_MspInit         0x08026499     0x2  Code  Wk  stm32f4xx_hal_spi.o [1]
HAL_SYSTICK_Config      0x0802118f     0x8  Code  Gb  stm32f4xx_hal_cortex.o [1]
HardFault_Handler       0x08023bd7          Code  Gb  context_iar.o [1]
IntToUnicode            0x08026a49    0x42  Code  Lc  usbd_desc.o [1]
LineCoding              0x200001cc     0x8  Data  Gb  usbd_cdc_interface.o [1]
MemManage_Handler       0x08026de7     0x2  Code  Gb  stm32f4xx_it.o [1]
NMI_Handler             0x08026de5     0x2  Code  Gb  stm32f4xx_it.o [1]
NVIC_EncodePriority     0x080210e5    0x3e  Code  Lc  stm32f4xx_hal_cortex.o [1]
OTG_FS_IRQHandler       0x08025a7f    0x12  Code  Gb  usbd_cdc_interface.o [1]
PCD_EP_OutSetupPacket_int
                        0x08021db5    0x70  Code  Lc  stm32f4xx_hal_pcd.o [1]
PCD_EP_OutXfrComplete_int
                        0x08021c67   0x14e  Code  Lc  stm32f4xx_hal_pcd.o [1]
PCD_WriteEmptyTxFifo    0x08021b7f    0xe8  Code  Lc  stm32f4xx_hal_pcd.o [1]
PendSV_Handler          0x08023b61          Code  Gb  context_iar.o [1]
Region$$Table$$Base     0x08026dc0           --   Gb  - Linker created -
Region$$Table$$Limit    0x08026de4           --   Gb  - Linker created -
SVC_Handler             0x08026ded     0x2  Code  Gb  stm32f4xx_it.o [1]
SysTick_Config          0x08021123    0x2e  Code  Lc  stm32f4xx_hal_cortex.o [1]
SysTick_Handler         0x08026df1    0x14  Code  Gb  stm32f4xx_it.o [1]
SystemCoreClock         0x200001d8     0x4  Data  Gb  system_stm32f4xx.o [1]
SystemInit              0x08026cad    0x3e  Code  Gb  system_stm32f4xx.o [1]
USBD_CDC                0x2000012c    0x38  Data  Gb  usbd_cdc.o [1]
USBD_CDC_CfgFSDesc      0x200000a4    0x44  Data  Gb  usbd_cdc.o [1]
USBD_CDC_CfgHSDesc      0x20000060    0x44  Data  Gb  usbd_cdc.o [1]
USBD_CDC_DataIn         0x08025651    0x6e  Code  Lc  usbd_cdc.o [1]
USBD_CDC_DataOut        0x080256bf    0x38  Code  Lc  usbd_cdc.o [1]
USBD_CDC_DeInit         0x0802550b    0x50  Code  Lc  usbd_cdc.o [1]
USBD_CDC_DeviceQualifierDesc
                        0x200001c0     0xc  Data  Lc  usbd_cdc.o [1]
USBD_CDC_EP0_RxReady    0x080256f7    0x36  Code  Lc  usbd_cdc.o [1]
USBD_CDC_GetDeviceQualifierDescriptor
                        0x08025745     0x8  Code  Gb  usbd_cdc.o [1]
USBD_CDC_GetFSCfgDesc   0x0802572d     0x8  Code  Lc  usbd_cdc.o [1]
USBD_CDC_GetHSCfgDesc   0x08025735     0x8  Code  Lc  usbd_cdc.o [1]
USBD_CDC_GetOtherSpeedCfgDesc
                        0x0802573d     0x8  Code  Lc  usbd_cdc.o [1]
USBD_CDC_Init           0x08025449    0xc2  Code  Lc  usbd_cdc.o [1]
USBD_CDC_OtherSpeedCfgDesc
                        0x200000e8    0x44  Data  Gb  usbd_cdc.o [1]
USBD_CDC_ReceivePacket  0x0802578d    0x38  Code  Gb  usbd_cdc.o [1]
USBD_CDC_RegisterInterface
                        0x0802575d    0x12  Code  Gb  usbd_cdc.o [1]
USBD_CDC_SetRxBuffer    0x08025781     0xc  Code  Gb  usbd_cdc.o [1]
USBD_CDC_SetTxBuffer    0x0802576f    0x12  Code  Gb  usbd_cdc.o [1]
USBD_CDC_Setup          0x0802555b    0xf6  Code  Lc  usbd_cdc.o [1]
USBD_CDC_fops           0x200001b0    0x10  Data  Gb  usbd_cdc_interface.o [1]
USBD_ClrClassConfig     0x08022fff    0x10  Code  Gb  usbd_core.o [1]
USBD_ClrFeature         0x08024275    0x24  Code  Lc  usbd_ctlreq.o [1]
USBD_CtlContinueRx      0x08024387    0x12  Code  Gb  usbd_ioreq.o [1]
USBD_CtlContinueSendData
                        0x08024351    0x12  Code  Gb  usbd_ioreq.o [1]
USBD_CtlError           0x080242c1    0x16  Code  Gb  usbd_ctlreq.o [1]
USBD_CtlPrepareRx       0x08024363    0x24  Code  Gb  usbd_ioreq.o [1]
USBD_CtlReceiveStatus   0x080243af    0x16  Code  Gb  usbd_ioreq.o [1]
USBD_CtlSendData        0x08024331    0x20  Code  Gb  usbd_ioreq.o [1]
USBD_CtlSendStatus      0x08024399    0x16  Code  Gb  usbd_ioreq.o [1]
USBD_DeInit             0x08022f91    0x28  Code  Gb  usbd_core.o [1]
USBD_Device             0x20007e3c   0x29c  Data  Lc  usbd_cdc_interface.o [1]
USBD_DeviceDesc         0x2000019c    0x14  Data  Gb  usbd_desc.o [1]
USBD_GetConfig          0x080241e5    0x3e  Code  Lc  usbd_ctlreq.o [1]
USBD_GetDescriptor      0x08023f45   0x158  Code  Lc  usbd_ctlreq.o [1]
USBD_GetLen             0x0802431d    0x14  Code  Lc  usbd_ctlreq.o [1]
USBD_GetStatus          0x08024223    0x3e  Code  Lc  usbd_ctlreq.o [1]
USBD_GetString          0x080242d7    0x46  Code  Gb  usbd_ctlreq.o [1]
USBD_Init               0x08022f61    0x30  Code  Gb  usbd_core.o [1]
USBD_LL_ClearStallEP    0x0802209b    0x10  Code  Gb  usbd_conf.o [1]
USBD_LL_CloseEP         0x0802207b    0x10  Code  Gb  usbd_conf.o [1]
USBD_LL_DataInStage     0x08023129   0x102  Code  Gb  usbd_core.o [1]
USBD_LL_DataOutStage    0x08023081    0xa8  Code  Gb  usbd_core.o [1]
USBD_LL_DeInit          0x08022037     0xe  Code  Gb  usbd_conf.o [1]
USBD_LL_DevConnected    0x080232d7     0x4  Code  Gb  usbd_core.o [1]
USBD_LL_DevDisconnected
                        0x080232db    0x18  Code  Gb  usbd_core.o [1]
USBD_LL_GetRxDataSize   0x0802210d     0xe  Code  Gb  usbd_conf.o [1]
USBD_LL_Init            0x08021fcb    0x6c  Code  Gb  usbd_conf.o [1]
USBD_LL_IsStallEP       0x080220ab    0x2e  Code  Gb  usbd_conf.o [1]
USBD_LL_IsoINIncomplete
                        0x080232cf     0x4  Code  Gb  usbd_core.o [1]
USBD_LL_IsoOUTIncomplete
                        0x080232d3     0x4  Code  Gb  usbd_core.o [1]
USBD_LL_OpenEP          0x08022061    0x1a  Code  Gb  usbd_conf.o [1]
USBD_LL_PrepareReceive  0x080220fb    0x12  Code  Gb  usbd_conf.o [1]
USBD_LL_Reset           0x0802322b    0x60  Code  Gb  usbd_core.o [1]
USBD_LL_Resume          0x080232a3     0xc  Code  Gb  usbd_core.o [1]
USBD_LL_SOF             0x080232af    0x20  Code  Gb  usbd_core.o [1]
USBD_LL_SetSpeed        0x0802328b     0x6  Code  Gb  usbd_core.o [1]
USBD_LL_SetUSBAddress   0x080220d9    0x10  Code  Gb  usbd_conf.o [1]
USBD_LL_SetupStage      0x0802300f    0x72  Code  Gb  usbd_core.o [1]
USBD_LL_StallEP         0x0802208b    0x10  Code  Gb  usbd_conf.o [1]
USBD_LL_Start           0x08022045     0xe  Code  Gb  usbd_conf.o [1]
USBD_LL_Stop            0x08022053     0xe  Code  Gb  usbd_conf.o [1]
USBD_LL_Suspend         0x08023291    0x12  Code  Gb  usbd_core.o [1]
USBD_LL_Transmit        0x080220e9    0x12  Code  Gb  usbd_conf.o [1]
USBD_LangIDDesc         0x200001dc     0x4  Data  Gb  usbd_desc.o [1]
USBD_ParseSetupRequest  0x08024299    0x28  Code  Gb  usbd_ctlreq.o [1]
USBD_RegisterClass      0x08022fb9    0x16  Code  Gb  usbd_core.o [1]
USBD_RunTestMode        0x08022fd9     0x4  Code  Gb  usbd_core.o [1]
USBD_SetAddress         0x0802409d    0x5e  Code  Lc  usbd_ctlreq.o [1]
USBD_SetClassConfig     0x08022fdd    0x22  Code  Gb  usbd_core.o [1]
USBD_SetConfig          0x080240fb    0xe4  Code  Lc  usbd_ctlreq.o [1]
USBD_SetConfig::cfgidx  0x20008e66     0x1  Data  Lc  usbd_ctlreq.o [1]
USBD_SetFeature         0x08024261    0x14  Code  Lc  usbd_ctlreq.o [1]
USBD_Start              0x08022fcf     0xa  Code  Gb  usbd_core.o [1]
USBD_StdDevReq          0x08023c31    0x7a  Code  Gb  usbd_ctlreq.o [1]
USBD_StdEPReq           0x08023d15   0x230  Code  Gb  usbd_ctlreq.o [1]
USBD_StdItfReq          0x08023cab    0x6a  Code  Gb  usbd_ctlreq.o [1]
USBD_StrDesc            0x200088f8   0x100  Data  Gb  usbd_desc.o [1]
USBD_StringSerial       0x20000180    0x1c  Data  Gb  usbd_desc.o [1]
USBD_VCP_ConfigStrDescriptor
                        0x080269a5    0x22  Code  Gb  usbd_desc.o [1]
USBD_VCP_DeviceDescriptor
                        0x08026955     0x8  Code  Gb  usbd_desc.o [1]
USBD_VCP_InterfaceStrDescriptor
                        0x080269c7    0x22  Code  Gb  usbd_desc.o [1]
USBD_VCP_LangIDStrDescriptor
                        0x0802695d     0x8  Code  Gb  usbd_desc.o [1]
USBD_VCP_ManufacturerStrDescriptor
                        0x08026987    0x10  Code  Gb  usbd_desc.o [1]
USBD_VCP_ProductStrDescriptor
                        0x08026965    0x22  Code  Gb  usbd_desc.o [1]
USBD_VCP_SerialStrDescriptor
                        0x08026997     0xe  Code  Gb  usbd_desc.o [1]
USBD_static_free        0x08022135     0x2  Code  Gb  usbd_conf.o [1]
USBD_static_malloc      0x0802211b     0x4  Code  Gb  usbd_conf.o [1]
USBD_static_malloc::mem
                        0x200080d8   0x21c  Data  Lc  usbd_conf.o [1]
USB_ActivateEndpoint    0x080205a3    0xba  Code  Gb  stm32f4xx_ll_usb.o [1]
USB_ActivateSetup       0x08020ec3    0x42  Code  Gb  stm32f4xx_ll_usb.o [1]
USB_CoreInit            0x08020189    0x80  Code  Gb  stm32f4xx_ll_usb.o [1]
USB_CoreReset           0x08020f89    0x34  Code  Lc  stm32f4xx_ll_usb.o [1]
USB_DeactivateEndpoint  0x0802065d    0xb4  Code  Gb  stm32f4xx_ll_usb.o [1]
USB_DevConnect          0x08020e0d    0x1e  Code  Gb  stm32f4xx_ll_usb.o [1]
USB_DevDisconnect       0x08020e2b    0x1c  Code  Gb  stm32f4xx_ll_usb.o [1]
USB_DevInit             0x08020327   0x204  Code  Gb  stm32f4xx_ll_usb.o [1]
USB_DisableGlobalInt    0x080202e5     0xc  Code  Gb  stm32f4xx_ll_usb.o [1]
USB_EP0StartXfer        0x08020a45   0x1c4  Code  Gb  stm32f4xx_ll_usb.o [1]
USB_EP0_OutStart        0x08020f05    0x74  Code  Gb  stm32f4xx_ll_usb.o [1]
USB_EPClearStall        0x08020cef    0x8a  Code  Gb  stm32f4xx_ll_usb.o [1]
USB_EPSetStall          0x08020c5d    0x92  Code  Gb  stm32f4xx_ll_usb.o [1]
USB_EPStartXfer         0x08020711   0x2f6  Code  Gb  stm32f4xx_ll_usb.o [1]
USB_EnableGlobalInt     0x080202d9     0xc  Code  Gb  stm32f4xx_ll_usb.o [1]
USB_FlushRxFifo         0x0802054d    0x1e  Code  Gb  stm32f4xx_ll_usb.o [1]
USB_FlushTxFifo         0x0802052b    0x22  Code  Gb  stm32f4xx_ll_usb.o [1]
USB_GetDevSpeed         0x0802057f    0x24  Code  Gb  stm32f4xx_ll_usb.o [1]
USB_GetMode             0x08020ebb     0x8  Code  Gb  stm32f4xx_ll_usb.o [1]
USB_ReadDevAllInEpInterrupt
                        0x08020e63    0x12  Code  Gb  stm32f4xx_ll_usb.o [1]
USB_ReadDevAllOutEpInterrupt
                        0x08020e51    0x12  Code  Gb  stm32f4xx_ll_usb.o [1]
USB_ReadDevInEPInterrupt
                        0x08020e8d    0x2e  Code  Gb  stm32f4xx_ll_usb.o [1]
USB_ReadDevOutEPInterrupt
                        0x08020e75    0x18  Code  Gb  stm32f4xx_ll_usb.o [1]
USB_ReadInterrupts      0x08020e47     0xa  Code  Gb  stm32f4xx_ll_usb.o [1]
USB_ReadPacket          0x08020c3b    0x22  Code  Gb  stm32f4xx_ll_usb.o [1]
USB_SetCurrentMode      0x080202f1    0x36  Code  Gb  stm32f4xx_ll_usb.o [1]
USB_SetDevAddress       0x08020de3    0x2a  Code  Gb  stm32f4xx_ll_usb.o [1]
USB_SetDevSpeed         0x0802056b    0x14  Code  Gb  stm32f4xx_ll_usb.o [1]
USB_SetTurnaroundTime   0x08020209    0xd0  Code  Gb  stm32f4xx_ll_usb.o [1]
USB_StopDevice          0x08020d79    0x6a  Code  Gb  stm32f4xx_ll_usb.o [1]
USB_WritePacket         0x08020c09    0x32  Code  Gb  stm32f4xx_ll_usb.o [1]
UsageFault_Handler      0x08026deb     0x2  Code  Gb  stm32f4xx_it.o [1]
VCP_Desc                0x20000164    0x1c  Data  Gb  usbd_desc.o [1]
__NVIC_DisableIRQ       0x080210a1    0x22  Code  Lc  stm32f4xx_hal_cortex.o [1]
__NVIC_EnableIRQ        0x08021087    0x1a  Code  Lc  stm32f4xx_hal_cortex.o [1]
__NVIC_GetPriorityGrouping
                        0x0802107d     0xa  Code  Lc  stm32f4xx_hal_cortex.o [1]
__NVIC_SetPriority      0x080210c3    0x22  Code  Lc  stm32f4xx_hal_cortex.o [1]
__NVIC_SetPriorityGrouping
                        0x08021061    0x1c  Code  Lc  stm32f4xx_hal_cortex.o [1]
__aeabi_ldiv0           0x080243c5          Code  Gb  I64DivZer.o [5]
__aeabi_memset          0x080243c9          Code  Gb  ABImemset.o [5]
__aeabi_uldivmod        0x080232f5          Code  Gb  I64DivMod.o [5]
__cmain                 0x08026e05          Code  Gb  cmain.o [5]
__exit                  0x08026e31    0x14  Code  Gb  exit.o [6]
__iar_Memset            0x080243c9          Code  Gb  ABImemset.o [5]
__iar_Memset_word       0x080243d1          Code  Gb  ABImemset.o [5]
__iar_copy_init3        0x08026d4d    0x2c  Code  Gb  copy_init3.o [5]
__iar_data_init3        0x080268b9    0x28  Code  Gb  data_init.o [5]
__iar_program_start     0x08026ebd          Code  Gb  cstartup_M.o [5]
__iar_unaligned___aeabi_memcpy4
                        0x08022139          Code  Gb  ABImemcpy_unaligned.o [5]
__iar_unaligned___aeabi_memcpy8
                        0x08022139          Code  Gb  ABImemcpy_unaligned.o [5]
__iar_zero_init3        0x08026d0d    0x40  Code  Gb  zero_init3.o [5]
__low_level_init        0x08026829    0x12  Code  Gb  components.o [1]
__lowest_bit_bitmap     0x08026a8c   0x100  Data  Gb  kservice.o [1]
__rt_ffs                0x08024ead    0x46  Code  Gb  kservice.o [1]
__rt_init__board_init_gpio
                        0x08026f08     0x4  Data  Gb  board.o [1]
__rt_init__lpm_board_init
                        0x08026f0c     0x4  Data  Gb  drv_lpm.o [1]
__rt_init__lpm_prev_init
                        0x08026f14     0x4  Data  Gb  drv_lpm.o [1]
__rt_init__mempool_init
                        0x08026f18     0x4  Data  Gb  drv_mempool.o [1]
__rt_init__rtcee_device_init
                        0x08026f20     0x4  Data  Gb  drv_rtcee.o [1]
__rt_init__tevent_prev_init
                        0x08026f1c     0x4  Data  Gb  drv_tevent.o [1]
__rt_init__usbd_app_init
                        0x08026f2c     0x4  Data  Gb  usbd_cdc_interface.o [1]
__rt_init__w25qxxx_device_init
                        0x08026f24     0x4  Data  Gb  drv_w25qxxx.o [1]
__rt_init_rti_board_end
                        0x08026f10     0x4  Data  Gb  components.o [1]
__rt_init_rti_board_start
                        0x08026f04     0x4  Data  Gb  components.o [1]
__rt_init_rti_end       0x08026f30     0x4  Data  Gb  components.o [1]
__rt_init_rti_start     0x08026f00     0x4  Data  Gb  components.o [1]
__rt_init_usbd_device_init
                        0x08026f28     0x4  Data  Gb  usbd_cdc_interface.o [1]
__vector_table          0x08020000          Data  Gb  startup_stm32f407xx.o [1]
_board_init_gpio        0x0802653d   0x114  Code  Lc  board.o [1]
_board_init_rcc         0x0802649d    0x84  Code  Lc  board.o [1]
_board_init_systick     0x08026521    0x1c  Code  Lc  board.o [1]
_call_main              0x08026e11          Code  Gb  cmain.o [5]
_exit                   0x08026e25          Code  Gb  cexit.o [5]
_get_highest_priority_thread
                        0x080245bb    0x1a  Code  Lc  scheduler.o [1]
_has_defunct_thread     0x08024475    0x12  Code  Lc  idle.o [1]
_iic_delay              0x08025fa5     0xe  Code  Lc  drv_iic.o [1]
_lpm_board_init         0x0802348f    0x1c  Code  Lc  drv_lpm.o [1]
_lpm_prev_init          0x080234ab    0x30  Code  Lc  drv_lpm.o [1]
_lpm_sysclk_resume      0x08023415    0x7a  Code  Lc  drv_lpm.o [1]
_main                   0x08026e1b          Code  Gb  cmain.o [5]
_mempool_init           0x08026b8d    0x7c  Code  Lc  drv_mempool.o [1]
_pin_get_irq_type       0x0802287b    0x66  Code  Lc  drv_pin.o [1]
_pin_get_st_port        0x0802280d    0x6e  Code  Lc  drv_pin.o [1]
_pin_irq_hdr            0x080228e1    0x40  Code  Lc  drv_pin.o [1]
_rt_thread_init         0x08024f7f    0x7c  Code  Lc  thread.o [1]
_rt_timer_init          0x080251a7    0x30  Code  Lc  timer.o [1]
_rt_timer_remove        0x080251d7    0x1a  Code  Lc  timer.o [1]
_rtcee_device_init      0x08025e99    0xe4  Code  Lc  drv_rtcee.o [1]
_rtcee_rtc_close        0x08025d45    0x2c  Code  Lc  drv_rtcee.o [1]
_rtcee_rtc_irq_hdr      0x08025e8d     0xc  Code  Lc  drv_rtcee.o [1]
_rtcee_rtc_open         0x08025d19    0x2c  Code  Lc  drv_rtcee.o [1]
_rtcee_rtc_read_regs    0x08025deb    0xa2  Code  Lc  drv_rtcee.o [1]
_rtcee_rtc_write_regs   0x08025d71    0x7a  Code  Lc  drv_rtcee.o [1]
_tevent_prev_init       0x08026925    0x16  Code  Lc  drv_tevent.o [1]
_usbd_app_init          0x08025a45    0x3a  Code  Lc  usbd_cdc_interface.o [1]
_usbd_module_pend       0x080258ab    0x1c  Code  Lc  usbd_cdc_interface.o [1]
_usbd_module_post       0x080258c7    0x12  Code  Lc  usbd_cdc_interface.o [1]
_usbd_module_switch     0x080258d9    0x32  Code  Lc  usbd_cdc_interface.o [1]
_usbd_plug_hdr          0x0802590b     0xc  Code  Lc  usbd_cdc_interface.o [1]
_usbd_task_sta_update   0x08025917    0xca  Code  Lc  usbd_cdc_interface.o [1]
_w25qxxx_close          0x08026275    0x96  Code  Lc  drv_w25qxxx.o [1]
_w25qxxx_device_init    0x080263b9    0x24  Code  Lc  drv_w25qxxx.o [1]
_w25qxxx_enter_pwrdown  0x08026387    0x32  Code  Lc  drv_w25qxxx.o [1]
_w25qxxx_exchange_byte  0x0802630b    0x24  Code  Lc  drv_w25qxxx.o [1]
_w25qxxx_is_ready       0x0802635d    0x2a  Code  Lc  drv_w25qxxx.o [1]
_w25qxxx_open           0x08026199    0xdc  Code  Lc  drv_w25qxxx.o [1]
_w25qxxx_read_status    0x0802632f    0x2e  Code  Lc  drv_w25qxxx.o [1]
divide                  0x080249ef    0x2c  Code  Lc  kservice.o [1]
exit                    0x08026e1f     0x4  Code  Gb  exit.o [3]
hpcd                    0x20007a34   0x408  Data  Gb  usbd_conf.o [1]
idle                    0x20008b38    0x80  Data  Lc  idle.o [1]
idle_hook_list          0x20008e10    0x10  Data  Lc  idle.o [1]
iic_read_byte           0x080260e7    0xb2  Code  Gb  drv_iic.o [1]
iic_start               0x08025fb3    0x40  Code  Gb  drv_iic.o [1]
iic_stop                0x08025ff3    0x40  Code  Gb  drv_iic.o [1]
iic_write_byte          0x08026033    0xb4  Code  Gb  drv_iic.o [1]
lpm_cpu_ref             0x0802388d    0x38  Code  Gb  drv_lpm.o [1]
lpm_enter_stop          0x080238c5    0x24  Code  Gb  drv_lpm.o [1]
lpm_rcc_dis             0x080236d7   0x1b6  Code  Gb  drv_lpm.o [1]
lpm_rcc_en              0x080234db   0x1fc  Code  Gb  drv_lpm.o [1]
m_lpm_cpu_ref_num       0x20008e62     0x1  Data  Lc  drv_lpm.o [1]
m_lpm_rcc_ref_num       0x20008e20     0x8  Data  Lc  drv_lpm.o [1]
m_mempool_1024_ctrl     0x20008d20    0x38  Data  Lc  drv_mempool.o [1]
m_mempool_1024_pool     0x200001e4  0x2b20  Data  Lc  drv_mempool.o [1]
m_mempool_128_ctrl      0x20008c78    0x38  Data  Lc  drv_mempool.o [1]
m_mempool_128_pool      0x20007278   0x7bc  Data  Lc  drv_mempool.o [1]
m_mempool_2048_ctrl     0x20008d58    0x38  Data  Lc  drv_mempool.o [1]
m_mempool_2048_pool     0x20002d04  0x2724  Data  Lc  drv_mempool.o [1]
m_mempool_256_ctrl      0x20008cb0    0x38  Data  Lc  drv_mempool.o [1]
m_mempool_256_pool      0x20006850   0xa28  Data  Lc  drv_mempool.o [1]
m_mempool_512_ctrl      0x20008ce8    0x38  Data  Lc  drv_mempool.o [1]
m_mempool_512_pool      0x20005428  0x1428  Data  Lc  drv_mempool.o [1]
m_pin_irq_hdr           0x200089f8    0xc0  Data  Lc  drv_pin.o [1]
m_rtcee_event           0x20008d90    0x20  Data  Lc  drv_rtcee.o [1]
m_tevent_event          0x20008db0    0x20  Data  Lc  drv_tevent.o [1]
m_usbd_event_module     0x20008df0    0x20  Data  Lc  usbd_cdc_interface.o [1]
m_usbd_fun_recv_hdr     0x20008e5c     0x4  Data  Lc  usbd_cdc_interface.o [1]
m_usbd_recv_buf         0x20008c38    0x40  Data  Lc  usbd_cdc_interface.o [1]
m_usbd_sta              0x20008e65     0x1  Data  Lc  usbd_cdc_interface.o [1]
m_usbd_stk_sta_update   0x200082f4   0x200  Data  Lc  usbd_cdc_interface.o [1]
m_usbd_thread_sta_update
                        0x20008bb8    0x80  Data  Lc  usbd_cdc_interface.o [1]
m_w25qxxx_sem           0x20008dd0    0x20  Data  Lc  drv_w25qxxx.o [1]
main                    0x080268e1    0x44  Code  Gb  main.o [1]
main_stack              0x200084f8   0x180  Data  Lc  components.o [1]
main_thread             0x20008ab8    0x80  Data  Gb  components.o [1]
main_thread_entry       0x0802683b     0xc  Code  Gb  components.o [1]
pin_attach_irq          0x08022da9    0x94  Code  Gb  drv_pin.o [1]
pin_clock_enable        0x08022b05    0x68  Code  Gb  drv_pin.o [1]
pin_irq_enable          0x08022e3d    0xf0  Code  Gb  drv_pin.o [1]
pin_mode                0x08022bc5   0x13a  Code  Gb  drv_pin.o [1]
pin_mode_ex             0x08022cff    0xaa  Code  Gb  drv_pin.o [1]
pin_read                0x08022b99    0x2c  Code  Gb  drv_pin.o [1]
pin_write               0x08022b6d    0x2c  Code  Gb  drv_pin.o [1]
print_number            0x08024a3d   0x15e  Code  Lc  kservice.o [1]
print_number::large_digits
                        0x08026e58    0x14  Data  Lc  kservice.o [1]
print_number::small_digits
                        0x08026e44    0x14  Data  Lc  kservice.o [1]
rt_application_init     0x08026847    0x2a  Code  Gb  components.o [1]
rt_components_board_init
                        0x08026801    0x14  Code  Gb  components.o [1]
rt_components_init      0x08026815    0x14  Code  Gb  components.o [1]
rt_current_priority     0x20008e64     0x1  Data  Gb  scheduler.o [1]
rt_current_thread       0x20008e50     0x4  Data  Gb  scheduler.o [1]
rt_enter_critical       0x08024789    0x16  Code  Gb  scheduler.o [1]
rt_event_init           0x08025b7b    0x20  Code  Gb  ipc.o [1]
rt_event_recv           0x08025c39    0xe0  Code  Gb  ipc.o [1]
rt_event_send           0x08025b9b    0x9e  Code  Gb  ipc.o [1]
rt_exception_hook       0x20008e48     0x4  Data  Lc  cpuport.o [1]
rt_exit_critical        0x0802479f    0x30  Code  Gb  scheduler.o [1]
rt_hw_board_init        0x0802666d    0x16  Code  Gb  board.o [1]
rt_hw_context_switch    0x08023b43          Code  Gb  context_iar.o [1]
rt_hw_context_switch_interrupt
                        0x08023b43          Code  Gb  context_iar.o [1]
rt_hw_context_switch_to
                        0x08023b9d          Code  Gb  context_iar.o [1]
rt_hw_hard_fault_exception
                        0x0802487b    0x20  Code  Gb  cpuport.o [1]
rt_hw_interrupt_disable
                        0x08023b35          Code  Gb  context_iar.o [1]
rt_hw_interrupt_enable  0x08023b3d          Code  Gb  context_iar.o [1]
rt_hw_interrupt_thread_switch
                        0x08023bd5          Code  Gb  context_iar.o [1]
rt_hw_stack_init        0x0802483d    0x3e  Code  Gb  cpuport.o [1]
rt_interrupt_enter      0x080233e5    0x16  Code  Gb  irq.o [1]
rt_interrupt_from_thread
                        0x20008e3c     0x4  Data  Gb  cpuport.o [1]
rt_interrupt_leave      0x080233fb    0x16  Code  Gb  irq.o [1]
rt_interrupt_nest       0x20008e63     0x1  Data  Gb  irq.o [1]
rt_interrupt_to_thread  0x20008e40     0x4  Data  Gb  cpuport.o [1]
rt_ipc_list_suspend     0x08025aff    0x5c  Code  Lc  ipc.o [1]
rt_ipc_object_init      0x08025af3     0xc  Code  Lc  ipc.o [1]
rt_list_init            0x08025acd     0x8  Code  Lc  ipc.o [1]
rt_list_init            0x08026c35     0x8  Code  Lc  mempool.o [1]
rt_list_init            0x08024581     0x8  Code  Lc  scheduler.o [1]
rt_list_init            0x08024f05     0x8  Code  Lc  thread.o [1]
rt_list_init            0x0802516d     0x8  Code  Lc  timer.o [1]
rt_list_insert_after    0x080248a5     0xe  Code  Lc  object.o [1]
rt_list_insert_after    0x08024f0d     0xe  Code  Lc  thread.o [1]
rt_list_insert_after    0x08025175     0xe  Code  Lc  timer.o [1]
rt_list_insert_before   0x08025ad5     0xe  Code  Lc  ipc.o [1]
rt_list_insert_before   0x08024589     0xe  Code  Lc  scheduler.o [1]
rt_list_isempty         0x08025ae3    0x10  Code  Lc  ipc.o [1]
rt_list_isempty         0x080245ab    0x10  Code  Lc  scheduler.o [1]
rt_list_isempty         0x08025197    0x10  Code  Lc  timer.o [1]
rt_list_remove          0x08024431    0x14  Code  Lc  idle.o [1]
rt_list_remove          0x080248b3    0x14  Code  Lc  object.o [1]
rt_list_remove          0x08024597    0x14  Code  Lc  scheduler.o [1]
rt_list_remove          0x08024f1b    0x14  Code  Lc  thread.o [1]
rt_list_remove          0x08025183    0x14  Code  Lc  timer.o [1]
rt_memset               0x08024959    0x54  Code  Gb  kservice.o [1]
rt_mp_init              0x08026c3d    0x6e  Code  Gb  mempool.o [1]
rt_object_container     0x20000000    0x60  Data  Lc  object.o [1]
rt_object_detach        0x0802492b    0x1e  Code  Gb  object.o [1]
rt_object_get_information
                        0x080248c7    0x24  Code  Gb  object.o [1]
rt_object_init          0x080248f1    0x3a  Code  Gb  object.o [1]
rt_object_is_systemobject
                        0x08024949     0xe  Code  Gb  object.o [1]
rt_schedule             0x08024625    0xd2  Code  Gb  scheduler.o [1]
rt_schedule_insert_thread
                        0x080246f7    0x5a  Code  Gb  scheduler.o [1]
rt_schedule_remove_thread
                        0x08024751    0x38  Code  Gb  scheduler.o [1]
rt_scheduler_lock_nest  0x20008e60     0x2  Data  Lc  scheduler.o [1]
rt_sem_init             0x08025b5b    0x20  Code  Gb  ipc.o [1]
rt_show_version         0x080249ed     0x2  Code  Gb  kservice.o [1]
rt_sprintf              0x08024e9d    0x10  Code  Gb  kservice.o [1]
rt_strlen               0x080249dd    0x10  Code  Gb  kservice.o [1]
rt_strncpy              0x080249ad    0x30  Code  Gb  kservice.o [1]
rt_system_scheduler_init
                        0x080245d5    0x2a  Code  Gb  scheduler.o [1]
rt_system_scheduler_start
                        0x080245ff    0x26  Code  Gb  scheduler.o [1]
rt_system_timer_init    0x080253ef    0x18  Code  Gb  timer.o [1]
rt_system_timer_thread_init
                        0x08025411     0x2  Code  Gb  timer.o [1]
rt_thread_defunct       0x20008e28     0x8  Data  Gb  scheduler.o [1]
rt_thread_delay         0x080250bd     0x8  Code  Gb  thread.o [1]
rt_thread_exit          0x08024f2f    0x50  Code  Gb  thread.o [1]
rt_thread_idle_entry    0x080244eb    0x24  Code  Lc  idle.o [1]
rt_thread_idle_excute   0x08024487    0x64  Code  Gb  idle.o [1]
rt_thread_idle_init     0x0802450f    0x5a  Code  Gb  idle.o [1]
rt_thread_idle_sethook  0x08024445    0x30  Code  Gb  idle.o [1]
rt_thread_init          0x08024ffb    0x36  Code  Gb  thread.o [1]
rt_thread_priority_table
                        0x200087f8   0x100  Data  Gb  scheduler.o [1]
rt_thread_ready_priority_group
                        0x20008e4c     0x4  Data  Gb  scheduler.o [1]
rt_thread_resume        0x0802510d    0x3c  Code  Gb  thread.o [1]
rt_thread_self          0x08025031     0x6  Code  Gb  thread.o [1]
rt_thread_sleep         0x0802507b    0x42  Code  Gb  thread.o [1]
rt_thread_stack         0x20008678   0x180  Data  Lc  idle.o [1]
rt_thread_startup       0x08025037    0x2e  Code  Gb  thread.o [1]
rt_thread_suspend       0x080250c5    0x48  Code  Gb  thread.o [1]
rt_thread_switch_interrupt_flag
                        0x20008e44     0x4  Data  Gb  cpuport.o [1]
rt_thread_timeout       0x0802514d    0x1e  Code  Gb  thread.o [1]
rt_thread_yield         0x08025071     0xa  Code  Gb  thread.o [1]
rt_tick                 0x20008e38     0x4  Data  Lc  clock.o [1]
rt_tick_get             0x08025415     0x6  Code  Gb  clock.o [1]
rt_tick_increase        0x0802541b    0x2a  Code  Gb  clock.o [1]
rt_timer_check          0x08025385    0x6a  Code  Gb  timer.o [1]
rt_timer_control        0x08025353    0x32  Code  Gb  timer.o [1]
rt_timer_detach         0x08025217    0x20  Code  Gb  timer.o [1]
rt_timer_init           0x080251f1    0x26  Code  Gb  timer.o [1]
rt_timer_list           0x20008e30     0x8  Data  Lc  timer.o [1]
rt_timer_start          0x08025237    0xee  Code  Gb  timer.o [1]
rt_timer_start::random_nr
                        0x20008e58     0x4  Data  Lc  timer.o [1]
rt_timer_stop           0x08025325    0x2e  Code  Gb  timer.o [1]
rt_vsnprintf            0x08024b9b   0x2f2  Code  Gb  kservice.o [1]
rt_vsprintf             0x08024e8d    0x10  Code  Gb  kservice.o [1]
rtcee_rtc_sec_pend      0x08025f7d    0x1c  Code  Gb  drv_rtcee.o [1]
rti_board_end           0x080267f9     0x4  Code  Lc  components.o [1]
rti_board_start         0x080267f5     0x4  Code  Lc  components.o [1]
rti_end                 0x080267fd     0x4  Code  Lc  components.o [1]
rti_start               0x080267f1     0x4  Code  Lc  components.o [1]
rtthread_startup        0x0802688d    0x2a  Code  Gb  components.o [1]
skip_atoi               0x08024a1b    0x22  Code  Lc  kservice.o [1]
tevent_post             0x0802693b    0x12  Code  Gb  drv_tevent.o [1]
usbd_device_init        0x080259e1    0x64  Code  Lc  usbd_cdc_interface.o [1]
uwTick                  0x20008e54     0x4  Data  Gb  stm32f4xx_hal.o [1]
uwTickFreq              0x200001e0     0x1  Data  Gb  stm32f4xx_hal.o [1]
uwTickPrio              0x200001d4     0x4  Data  Gb  stm32f4xx_hal.o [1]


[1] = E:\project\rt-thread\bsp\fyyp_rtu\Debug\Obj
[2] = command line
[3] = dl7M_tln.a
[4] = m7M_tl.a
[5] = rt7M_tl.a
[6] = shb_l.a

  28 182 bytes of readonly  code memory
   1 062 bytes of readonly  data memory
  44 644 bytes of readwrite data memory

Errors: none
Warnings: none
