###############################################################################
#
# IAR ELF Linker V7.60.2.11341/W32 for ARM                03/Jun/2020  17:21:43
# Copyright 2007-2016 IAR Systems AB.
#
#    Output file  =  E:\project\rt-thread\bsp\fyyp_rtu\Debug\Exe\fyyp_rtu.out
#    Map file     =  E:\project\rt-thread\bsp\fyyp_rtu\Debug\List\fyyp_rtu.map
#    Command line =  
#        E:\project\rt-thread\bsp\fyyp_rtu\Debug\Obj\board.o
#        E:\project\rt-thread\bsp\fyyp_rtu\Debug\Obj\clock.o
#        E:\project\rt-thread\bsp\fyyp_rtu\Debug\Obj\components.o
#        E:\project\rt-thread\bsp\fyyp_rtu\Debug\Obj\context_iar.o
#        E:\project\rt-thread\bsp\fyyp_rtu\Debug\Obj\cpu.o
#        E:\project\rt-thread\bsp\fyyp_rtu\Debug\Obj\cpuport.o
#        E:\project\rt-thread\bsp\fyyp_rtu\Debug\Obj\device.o
#        E:\project\rt-thread\bsp\fyyp_rtu\Debug\Obj\drv_fyyp.o
#        E:\project\rt-thread\bsp\fyyp_rtu\Debug\Obj\drv_lpm.o
#        E:\project\rt-thread\bsp\fyyp_rtu\Debug\Obj\drv_mempool.o
#        E:\project\rt-thread\bsp\fyyp_rtu\Debug\Obj\drv_pin.o
#        E:\project\rt-thread\bsp\fyyp_rtu\Debug\Obj\idle.o
#        E:\project\rt-thread\bsp\fyyp_rtu\Debug\Obj\ipc.o
#        E:\project\rt-thread\bsp\fyyp_rtu\Debug\Obj\irq.o
#        E:\project\rt-thread\bsp\fyyp_rtu\Debug\Obj\kservice.o
#        E:\project\rt-thread\bsp\fyyp_rtu\Debug\Obj\main.o
#        E:\project\rt-thread\bsp\fyyp_rtu\Debug\Obj\mem.o
#        E:\project\rt-thread\bsp\fyyp_rtu\Debug\Obj\memheap.o
#        E:\project\rt-thread\bsp\fyyp_rtu\Debug\Obj\mempool.o
#        E:\project\rt-thread\bsp\fyyp_rtu\Debug\Obj\object.o
#        E:\project\rt-thread\bsp\fyyp_rtu\Debug\Obj\scheduler.o
#        E:\project\rt-thread\bsp\fyyp_rtu\Debug\Obj\signal.o
#        E:\project\rt-thread\bsp\fyyp_rtu\Debug\Obj\slab.o
#        E:\project\rt-thread\bsp\fyyp_rtu\Debug\Obj\startup_stm32f407xx.o
#        E:\project\rt-thread\bsp\fyyp_rtu\Debug\Obj\stm32f4xx_hal.o
#        E:\project\rt-thread\bsp\fyyp_rtu\Debug\Obj\stm32f4xx_hal_adc.o
#        E:\project\rt-thread\bsp\fyyp_rtu\Debug\Obj\stm32f4xx_hal_adc_ex.o
#        E:\project\rt-thread\bsp\fyyp_rtu\Debug\Obj\stm32f4xx_hal_cortex.o
#        E:\project\rt-thread\bsp\fyyp_rtu\Debug\Obj\stm32f4xx_hal_dma.o
#        E:\project\rt-thread\bsp\fyyp_rtu\Debug\Obj\stm32f4xx_hal_dma_ex.o
#        E:\project\rt-thread\bsp\fyyp_rtu\Debug\Obj\stm32f4xx_hal_exti.o
#        E:\project\rt-thread\bsp\fyyp_rtu\Debug\Obj\stm32f4xx_hal_flash.o
#        E:\project\rt-thread\bsp\fyyp_rtu\Debug\Obj\stm32f4xx_hal_flash_ex.o
#        E:\project\rt-thread\bsp\fyyp_rtu\Debug\Obj\stm32f4xx_hal_flash_ramfunc.o
#        E:\project\rt-thread\bsp\fyyp_rtu\Debug\Obj\stm32f4xx_hal_gpio.o
#        E:\project\rt-thread\bsp\fyyp_rtu\Debug\Obj\stm32f4xx_hal_iwdg.o
#        E:\project\rt-thread\bsp\fyyp_rtu\Debug\Obj\stm32f4xx_hal_pcd.o
#        E:\project\rt-thread\bsp\fyyp_rtu\Debug\Obj\stm32f4xx_hal_pcd_ex.o
#        E:\project\rt-thread\bsp\fyyp_rtu\Debug\Obj\stm32f4xx_hal_pwr.o
#        E:\project\rt-thread\bsp\fyyp_rtu\Debug\Obj\stm32f4xx_hal_pwr_ex.o
#        E:\project\rt-thread\bsp\fyyp_rtu\Debug\Obj\stm32f4xx_hal_rcc.o
#        E:\project\rt-thread\bsp\fyyp_rtu\Debug\Obj\stm32f4xx_hal_rcc_ex.o
#        E:\project\rt-thread\bsp\fyyp_rtu\Debug\Obj\stm32f4xx_hal_spi.o
#        E:\project\rt-thread\bsp\fyyp_rtu\Debug\Obj\stm32f4xx_hal_uart.o
#        E:\project\rt-thread\bsp\fyyp_rtu\Debug\Obj\stm32f4xx_hal_usart.o
#        E:\project\rt-thread\bsp\fyyp_rtu\Debug\Obj\stm32f4xx_it.o
#        E:\project\rt-thread\bsp\fyyp_rtu\Debug\Obj\stm32f4xx_ll_usb.o
#        E:\project\rt-thread\bsp\fyyp_rtu\Debug\Obj\system_stm32f4xx.o
#        E:\project\rt-thread\bsp\fyyp_rtu\Debug\Obj\thread.o
#        E:\project\rt-thread\bsp\fyyp_rtu\Debug\Obj\timer.o
#        E:\project\rt-thread\bsp\fyyp_rtu\Debug\Obj\usbd_cdc.o
#        E:\project\rt-thread\bsp\fyyp_rtu\Debug\Obj\usbd_cdc_interface.o
#        E:\project\rt-thread\bsp\fyyp_rtu\Debug\Obj\usbd_conf.o
#        E:\project\rt-thread\bsp\fyyp_rtu\Debug\Obj\usbd_core.o
#        E:\project\rt-thread\bsp\fyyp_rtu\Debug\Obj\usbd_ctlreq.o
#        E:\project\rt-thread\bsp\fyyp_rtu\Debug\Obj\usbd_desc.o
#        E:\project\rt-thread\bsp\fyyp_rtu\Debug\Obj\usbd_ioreq.o -o
#        E:\project\rt-thread\bsp\fyyp_rtu\Debug\Exe\fyyp_rtu.out --map
#        E:\project\rt-thread\bsp\fyyp_rtu\Debug\List\fyyp_rtu.map --config
#        "D:\Program Files\IAR Systems\Embedded Workbench
#        7.4\arm\config\linker\ST\stm32f407xE.icf" --semihosting --entry
#        __iar_program_start --vfe
#
###############################################################################

*******************************************************************************
*** RUNTIME MODEL ATTRIBUTES
***

CppFlavor       = *
__SystemLibrary = DLib


*******************************************************************************
*** PLACEMENT SUMMARY
***

"A1":  place at 0x08000000 { ro section .intvec };
"P1":  place in [from 0x08000000 to 0x0807ffff] { ro };
"P3":  place in [from 0x10000000 to 0x1000ffff] { block CSTACK, section .ccram };
"P4":  place in [from 0x20000000 to 0x2001bfff] |
                [from 0x2001c000 to 0x2001ffff] { rw, block HEAP };
initialize by copy { rw };

  Section            Kind        Address    Size  Object
  -------            ----        -------    ----  ------
"A1":                                      0x188
  .intvec            ro code  0x08000000   0x188  startup_stm32f407xx.o [1]
                            - 0x08000188   0x188

"P1":                                     0x6854
  .text              ro code  0x08000188   0xe50  stm32f4xx_ll_usb.o [1]
  .text              ro code  0x08000fd8    0x88  stm32f4xx_hal.o [1]
  .text              ro code  0x08001060   0x15c  stm32f4xx_hal_cortex.o [1]
  .text              ro code  0x080011bc   0xc70  stm32f4xx_hal_pcd.o [1]
  .text              ro code  0x08001e2c   0x30a  usbd_conf.o [1]
  .text              ro code  0x08002138    0x56  ABImemcpy_unaligned.o [5]
  .text              ro code  0x0800218e    0x64  stm32f4xx_hal_pcd_ex.o [1]
  .text              ro code  0x080021f4   0x618  stm32f4xx_hal_rcc.o [1]
  .text              ro code  0x0800280c   0x728  drv_pin.o [1]
  .text              ro code  0x08002f34   0x392  usbd_core.o [1]
  .text              ro code  0x080032c8    0xee  I64DivMod.o [5]
  .text              ro code  0x080033b8    0x30  irq.o [1]
  .text              ro code  0x080033e8   0x4e4  drv_lpm.o [1]
  .text              ro code  0x080038cc   0x228  stm32f4xx_hal_gpio.o [1]
  .text              ro code  0x08003af4    0xfc  context_iar.o [1]
  .text              ro code  0x08003bf0   0x700  usbd_ctlreq.o [1]
  .text              ro code  0x080042f0    0x94  usbd_ioreq.o [1]
  .text              ro code  0x08004384     0x2  I64DivZer.o [5]
  .text              ro code  0x08004388    0x66  ABImemset.o [5]
  .text              ro code  0x080043f0   0x150  idle.o [1]
  .text              ro code  0x08004540   0x26c  scheduler.o [1]
  .text              ro code  0x080047ac     0xc  stm32f4xx_hal_pwr_ex.o [1]
  .text              ro code  0x080047b8    0x44  stm32f4xx_hal_pwr.o [1]
  .text              ro code  0x080047fc    0x68  cpuport.o [1]
  .text              ro code  0x08004864    0xb2  object.o [1]
  .text              ro code  0x08004918   0x5ac  kservice.o [1]
  .text              ro code  0x08004ec4   0x266  thread.o [1]
  .text              ro code  0x0800512c   0x2a6  timer.o [1]
  .text              ro code  0x080053d4    0x34  clock.o [1]
  .text              ro code  0x08005408   0x37c  usbd_cdc.o [1]
  .text              ro code  0x08005784   0x308  usbd_cdc_interface.o [1]
  .text              ro code  0x08005a8c   0x22c  ipc.o [1]
  .text              ro code  0x08005cb8   0x1e6  board.o [1]
  .text              ro code  0x08005ea0   0x16c  stm32f4xx_hal_rcc_ex.o [1]
  .text              ro code  0x0800600c    0xc6  components.o [1]
  .text              ro code  0x080060d4    0x28  data_init.o [5]
  .text              ro code  0x080060fc    0x1e  main.o [1]
  .text              ro code  0x0800611c   0x136  usbd_desc.o [1]
  .rodata            const    0x08006254   0x100  kservice.o [1]
  .text              ro code  0x08006354    0xa8  drv_mempool.o [1]
  .text              ro code  0x080063fc    0x76  mempool.o [1]
  .text              ro code  0x08006474    0x5c  system_stm32f4xx.o [1]
  .text              ro code  0x080064d0    0x40  zero_init3.o [5]
  .text              ro code  0x08006510    0x2c  copy_init3.o [5]
  .rodata            const    0x0800653c    0x24  usbd_desc.o [1]
  .rodata            const    0x08006560    0x24  usbd_desc.o [1]
  .iar.init_table    const    0x08006584    0x24  - Linker created -
  .text              ro code  0x080065a8    0x20  stm32f4xx_it.o [1]
  .text              ro code  0x080065c8    0x1a  cmain.o [5]
  .text              ro code  0x080065e2     0x4  exit.o [3]
  .text              ro code  0x080065e8     0xa  cexit.o [5]
  .text              ro code  0x080065f4    0x14  exit.o [6]
  .rodata            const    0x08006608    0x14  kservice.o [1]
  .rodata            const    0x0800661c    0x14  kservice.o [1]
  .rodata            const    0x08006630    0x14  usbd_desc.o [1]
  .rodata            const    0x08006644    0x10  system_stm32f4xx.o [1]
  .rodata            const    0x08006654    0x10  usbd_desc.o [1]
  .text              ro code  0x08006664    0x10  startup_stm32f407xx.o [1]
  .rodata            const    0x08006674     0xc  usbd_desc.o [1]
  .text              ro code  0x08006680     0xc  cstartup_M.o [5]
  .rodata            const    0x0800668c     0x8  components.o [1]
  .rodata            const    0x08006694     0x8  idle.o [1]
  .rodata            const    0x0800669c     0x8  kservice.o [1]
  .rodata            const    0x080066a4     0x8  usbd_cdc_interface.o [1]
  .rti_fn.0          const    0x080066ac     0x4  components.o [1]
  .rti_fn.0.end      const    0x080066b0     0x4  components.o [1]
  .rti_fn.1          const    0x080066b4     0x4  board.o [1]
  .rti_fn.1          const    0x080066b8     0x4  drv_lpm.o [1]
  .rti_fn.1.end      const    0x080066bc     0x4  components.o [1]
  .rti_fn.2          const    0x080066c0     0x4  drv_lpm.o [1]
  .rti_fn.2          const    0x080066c4     0x4  drv_mempool.o [1]
  .rti_fn.3          const    0x080066c8     0x4  usbd_cdc_interface.o [1]
  .rti_fn.6          const    0x080066cc     0x4  usbd_cdc_interface.o [1]
  .rti_fn.6.end      const    0x080066d0     0x4  components.o [1]
  .text              ro code  0x080066d4     0x4  startup_stm32f407xx.o [1]
  .text              ro code  0x080066d8     0x4  startup_stm32f407xx.o [1]
  .text              ro code  0x080066dc     0x4  startup_stm32f407xx.o [1]
  .text              ro code  0x080066e0     0x4  startup_stm32f407xx.o [1]
  .text              ro code  0x080066e4     0x4  startup_stm32f407xx.o [1]
  .text              ro code  0x080066e8     0x4  startup_stm32f407xx.o [1]
  .text              ro code  0x080066ec     0x4  startup_stm32f407xx.o [1]
  .text              ro code  0x080066f0     0x4  startup_stm32f407xx.o [1]
  .text              ro code  0x080066f4     0x4  startup_stm32f407xx.o [1]
  .text              ro code  0x080066f8     0x4  startup_stm32f407xx.o [1]
  .text              ro code  0x080066fc     0x4  startup_stm32f407xx.o [1]
  .text              ro code  0x08006700     0x4  startup_stm32f407xx.o [1]
  .text              ro code  0x08006704     0x4  startup_stm32f407xx.o [1]
  .text              ro code  0x08006708     0x4  startup_stm32f407xx.o [1]
  .text              ro code  0x0800670c     0x4  startup_stm32f407xx.o [1]
  .text              ro code  0x08006710     0x4  startup_stm32f407xx.o [1]
  .text              ro code  0x08006714     0x4  startup_stm32f407xx.o [1]
  .text              ro code  0x08006718     0x4  startup_stm32f407xx.o [1]
  .text              ro code  0x0800671c     0x4  startup_stm32f407xx.o [1]
  .text              ro code  0x08006720     0x4  startup_stm32f407xx.o [1]
  .text              ro code  0x08006724     0x4  startup_stm32f407xx.o [1]
  .text              ro code  0x08006728     0x4  startup_stm32f407xx.o [1]
  .text              ro code  0x0800672c     0x4  startup_stm32f407xx.o [1]
  .text              ro code  0x08006730     0x4  startup_stm32f407xx.o [1]
  .text              ro code  0x08006734     0x4  startup_stm32f407xx.o [1]
  .text              ro code  0x08006738     0x4  startup_stm32f407xx.o [1]
  .text              ro code  0x0800673c     0x4  startup_stm32f407xx.o [1]
  .text              ro code  0x08006740     0x4  startup_stm32f407xx.o [1]
  .text              ro code  0x08006744     0x4  startup_stm32f407xx.o [1]
  .text              ro code  0x08006748     0x4  startup_stm32f407xx.o [1]
  .text              ro code  0x0800674c     0x4  startup_stm32f407xx.o [1]
  .text              ro code  0x08006750     0x4  startup_stm32f407xx.o [1]
  .text              ro code  0x08006754     0x4  startup_stm32f407xx.o [1]
  .text              ro code  0x08006758     0x4  startup_stm32f407xx.o [1]
  .text              ro code  0x0800675c     0x4  startup_stm32f407xx.o [1]
  .text              ro code  0x08006760     0x4  startup_stm32f407xx.o [1]
  .text              ro code  0x08006764     0x4  startup_stm32f407xx.o [1]
  .text              ro code  0x08006768     0x4  startup_stm32f407xx.o [1]
  .text              ro code  0x0800676c     0x4  startup_stm32f407xx.o [1]
  .text              ro code  0x08006770     0x4  startup_stm32f407xx.o [1]
  .text              ro code  0x08006774     0x4  startup_stm32f407xx.o [1]
  .text              ro code  0x08006778     0x4  startup_stm32f407xx.o [1]
  .text              ro code  0x0800677c     0x4  startup_stm32f407xx.o [1]
  .text              ro code  0x08006780     0x4  startup_stm32f407xx.o [1]
  .text              ro code  0x08006784     0x4  startup_stm32f407xx.o [1]
  .text              ro code  0x08006788     0x4  startup_stm32f407xx.o [1]
  .text              ro code  0x0800678c     0x4  startup_stm32f407xx.o [1]
  .text              ro code  0x08006790     0x4  startup_stm32f407xx.o [1]
  .text              ro code  0x08006794     0x4  startup_stm32f407xx.o [1]
  .text              ro code  0x08006798     0x4  startup_stm32f407xx.o [1]
  .text              ro code  0x0800679c     0x4  startup_stm32f407xx.o [1]
  .text              ro code  0x080067a0     0x4  startup_stm32f407xx.o [1]
  .text              ro code  0x080067a4     0x4  startup_stm32f407xx.o [1]
  .text              ro code  0x080067a8     0x4  startup_stm32f407xx.o [1]
  .text              ro code  0x080067ac     0x4  startup_stm32f407xx.o [1]
  .text              ro code  0x080067b0     0x4  startup_stm32f407xx.o [1]
  .text              ro code  0x080067b4     0x4  startup_stm32f407xx.o [1]
  .text              ro code  0x080067b8     0x4  startup_stm32f407xx.o [1]
  .text              ro code  0x080067bc     0x4  startup_stm32f407xx.o [1]
  .text              ro code  0x080067c0     0x4  startup_stm32f407xx.o [1]
  .text              ro code  0x080067c4     0x4  startup_stm32f407xx.o [1]
  .text              ro code  0x080067c8     0x4  startup_stm32f407xx.o [1]
  .text              ro code  0x080067cc     0x4  startup_stm32f407xx.o [1]
  .text              ro code  0x080067d0     0x4  startup_stm32f407xx.o [1]
  .text              ro code  0x080067d4     0x4  startup_stm32f407xx.o [1]
  .text              ro code  0x080067d8     0x4  startup_stm32f407xx.o [1]
  .text              ro code  0x080067dc     0x4  startup_stm32f407xx.o [1]
  .text              ro code  0x080067e0     0x4  startup_stm32f407xx.o [1]
  .text              ro code  0x080067e4     0x4  startup_stm32f407xx.o [1]
  .text              ro code  0x080067e8     0x4  startup_stm32f407xx.o [1]
  .text              ro code  0x080067ec     0x4  startup_stm32f407xx.o [1]
  .text              ro code  0x080067f0     0x4  startup_stm32f407xx.o [1]
  .text              ro code  0x080067f4     0x4  startup_stm32f407xx.o [1]
  .rodata            const    0x080067f8     0x0  zero_init3.o [5]
  .rodata            const    0x080067f8     0x0  copy_init3.o [5]
  Initializer bytes  const    0x080067f8   0x1e4  <for P4 s0>
                            - 0x080069dc  0x6854

"P3":                                     0x2000
  CSTACK                      0x10000000  0x2000  <Block>
    CSTACK           uninit   0x10000000  0x2000  <Block tail>
                            - 0x10002000  0x2000

"P4", part 1 of 2:                         0x1e4
  P4 s0                       0x20000000   0x1e4  <Init block>
    .data            inited   0x20000000    0x60  object.o [1]
    .data            inited   0x20000060    0x44  usbd_cdc.o [1]
    .data            inited   0x200000a4    0x44  usbd_cdc.o [1]
    .data            inited   0x200000e8    0x44  usbd_cdc.o [1]
    .data            inited   0x2000012c    0x38  usbd_cdc.o [1]
    .data            inited   0x20000164    0x1c  usbd_desc.o [1]
    .data            inited   0x20000180    0x1c  usbd_desc.o [1]
    .data            inited   0x2000019c    0x14  usbd_desc.o [1]
    .data            inited   0x200001b0    0x10  usbd_cdc_interface.o [1]
    .data            inited   0x200001c0     0xc  usbd_cdc.o [1]
    .data            inited   0x200001cc     0x8  usbd_cdc_interface.o [1]
    .data            inited   0x200001d4     0x4  stm32f4xx_hal.o [1]
    .data            inited   0x200001d8     0x4  system_stm32f4xx.o [1]
    .data            inited   0x200001dc     0x4  usbd_desc.o [1]
    .data            inited   0x200001e0     0x1  stm32f4xx_hal.o [1]
                            - 0x200001e4   0x1e4

"P4", part 2 of 2:                        0x8c24
  .bss               zero     0x200001e4  0x2b20  drv_mempool.o [1]
  .bss               zero     0x20002d04  0x2724  drv_mempool.o [1]
  .bss               zero     0x20005428  0x1428  drv_mempool.o [1]
  .bss               zero     0x20006850   0xa28  drv_mempool.o [1]
  .bss               zero     0x20007278   0x7bc  drv_mempool.o [1]
  .bss               zero     0x20007a34   0x408  usbd_conf.o [1]
  .bss               zero     0x20007e3c   0x29c  usbd_cdc_interface.o [1]
  .bss               zero     0x200080d8   0x21c  usbd_conf.o [1]
  .bss               zero     0x200082f4   0x200  usbd_cdc_interface.o [1]
  .bss               zero     0x200084f8   0x180  components.o [1]
  .bss               zero     0x20008678   0x180  idle.o [1]
  .bss               zero     0x200087f8   0x100  scheduler.o [1]
  .bss               zero     0x200088f8   0x100  usbd_desc.o [1]
  .bss               zero     0x200089f8    0xc0  drv_pin.o [1]
  .bss               zero     0x20008ab8    0x80  components.o [1]
  .bss               zero     0x20008b38    0x80  idle.o [1]
  .bss               zero     0x20008bb8    0x80  usbd_cdc_interface.o [1]
  .bss               zero     0x20008c38    0x40  usbd_cdc_interface.o [1]
  .bss               zero     0x20008c78    0x38  drv_mempool.o [1]
  .bss               zero     0x20008cb0    0x38  drv_mempool.o [1]
  .bss               zero     0x20008ce8    0x38  drv_mempool.o [1]
  .bss               zero     0x20008d20    0x38  drv_mempool.o [1]
  .bss               zero     0x20008d58    0x38  drv_mempool.o [1]
  .bss               zero     0x20008d90    0x20  usbd_cdc_interface.o [1]
  .bss               zero     0x20008db0    0x10  idle.o [1]
  .bss               zero     0x20008dc0     0x8  drv_lpm.o [1]
  .bss               zero     0x20008dc8     0x8  scheduler.o [1]
  .bss               zero     0x20008dd0     0x8  timer.o [1]
  .bss               zero     0x20008dd8     0x4  clock.o [1]
  .bss               zero     0x20008ddc     0x4  cpuport.o [1]
  .bss               zero     0x20008de0     0x4  cpuport.o [1]
  .bss               zero     0x20008de4     0x4  cpuport.o [1]
  .bss               zero     0x20008de8     0x4  cpuport.o [1]
  .bss               zero     0x20008dec     0x4  scheduler.o [1]
  .bss               zero     0x20008df0     0x4  scheduler.o [1]
  .bss               zero     0x20008df4     0x4  stm32f4xx_hal.o [1]
  .bss               zero     0x20008df8     0x4  timer.o [1]
  .bss               zero     0x20008dfc     0x4  usbd_cdc_interface.o [1]
  .bss               zero     0x20008e00     0x2  scheduler.o [1]
  .bss               zero     0x20008e02     0x1  drv_lpm.o [1]
  .bss               zero     0x20008e03     0x1  irq.o [1]
  .bss               zero     0x20008e04     0x1  scheduler.o [1]
  .bss               zero     0x20008e05     0x1  usbd_cdc_interface.o [1]
  .bss               zero     0x20008e06     0x1  usbd_ctlreq.o [1]
                            - 0x20008e07  0x8c23


*******************************************************************************
*** INIT TABLE
***

          Address     Size
          -------     ----
Zero (__iar_zero_init3)
    1 destination range, total size 0x8c23:
          0x200001e4  0x8c23

Copy (__iar_copy_init3)
    1 source range, total size 0x1e4 (100% of destination):
          0x080067f8   0x1e4
    1 destination range, total size 0x1e1:
          0x20000000   0x1e1



*******************************************************************************
*** MODULE SUMMARY
***

    Module                  ro code  ro data  rw data
    ------                  -------  -------  -------
E:\project\rt-thread\bsp\fyyp_rtu\Debug\Obj: [1]
    board.o                     486        4
    clock.o                      52                 4
    components.o                198       24      512
    context_iar.o               252
    cpuport.o                   104                16
    drv_lpm.o                 1 252        8        9
    drv_mempool.o               168        4   31 080
    drv_pin.o                 1 832               192
    idle.o                      336        8      528
    ipc.o                       556
    irq.o                        48                 1
    kservice.o                1 452      304
    main.o                       30
    mempool.o                   118
    object.o                    178       96       96
    scheduler.o                 620               275
    startup_stm32f407xx.o       700
    stm32f4xx_hal.o             136        5        9
    stm32f4xx_hal_cortex.o      348
    stm32f4xx_hal_gpio.o        552
    stm32f4xx_hal_pcd.o       3 184
    stm32f4xx_hal_pcd_ex.o      100
    stm32f4xx_hal_pwr.o          68
    stm32f4xx_hal_pwr_ex.o       12
    stm32f4xx_hal_rcc.o       1 560
    stm32f4xx_hal_rcc_ex.o      364
    stm32f4xx_it.o               32
    stm32f4xx_ll_usb.o        3 664
    system_stm32f4xx.o           92       20        4
    thread.o                    614
    timer.o                     678                12
    usbd_cdc.o                  892      272      272
    usbd_cdc_interface.o        776       40    1 433
    usbd_conf.o                 778             1 572
    usbd_core.o                 914
    usbd_ctlreq.o             1 792                 1
    usbd_desc.o                 310      200      336
    usbd_ioreq.o                148
    -------------------------------------------------
    Total:                   25 396      985   36 352

command line: [2]
    -------------------------------------------------
    Total:

dl7M_tln.a: [3]
    exit.o                        4
    -------------------------------------------------
    Total:                        4

m7M_tl.a: [4]
    -------------------------------------------------
    Total:

rt7M_tl.a: [5]
    ABImemcpy_unaligned.o        86
    ABImemset.o                 102
    I64DivMod.o                 238
    I64DivZer.o                   2
    cexit.o                      10
    cmain.o                      26
    copy_init3.o                 44
    cstartup_M.o                 12
    data_init.o                  40
    zero_init3.o                 64
    -------------------------------------------------
    Total:                      624

shb_l.a: [6]
    exit.o                       20
    -------------------------------------------------
    Total:                       20

    Gaps                         30        2        4
    Linker created                        39    8 192
-----------------------------------------------------
    Grand Total:             26 074    1 026   44 548


*******************************************************************************
*** ENTRY LIST
***

Entry                      Address    Size  Type      Object
-----                      -------    ----  ----      ------
.iar.init_table$$Base   0x08006584           --   Gb  - Linker created -
.iar.init_table$$Limit  0x080065a8           --   Gb  - Linker created -
?main                   0x080065c9          Code  Gb  cmain.o [5]
AHBPrescTable           0x08006644    0x10  Data  Gb  system_stm32f4xx.o [1]
BusFault_Handler        0x080065ad     0x2  Code  Gb  stm32f4xx_it.o [1]
CDC_Itf_Control         0x080057a9    0x98  Code  Lc  usbd_cdc_interface.o [1]
CDC_Itf_DeInit          0x080057a5     0x4  Code  Lc  usbd_cdc_interface.o [1]
CDC_Itf_Init            0x08005785    0x20  Code  Lc  usbd_cdc_interface.o [1]
CDC_Itf_Receive         0x08005841    0x2a  Code  Lc  usbd_cdc_interface.o [1]
CSTACK$$Base            0x10000000           --   Gb  - Linker created -
CSTACK$$Limit           0x10002000           --   Gb  - Linker created -
DebugMon_Handler        0x080065b3     0x2  Code  Gb  stm32f4xx_it.o [1]
EXTI0_IRQHandler        0x08002921    0x24  Code  Gb  drv_pin.o [1]
EXTI15_10_IRQHandler    0x08002a5d    0xa8  Code  Gb  drv_pin.o [1]
EXTI1_IRQHandler        0x08002945    0x24  Code  Gb  drv_pin.o [1]
EXTI2_IRQHandler        0x08002969    0x24  Code  Gb  drv_pin.o [1]
EXTI3_IRQHandler        0x0800298d    0x24  Code  Gb  drv_pin.o [1]
EXTI4_IRQHandler        0x080029b1    0x24  Code  Gb  drv_pin.o [1]
EXTI9_5_IRQHandler      0x080029d5    0x88  Code  Gb  drv_pin.o [1]
Get_SerialNum           0x080061b1    0x28  Code  Lc  usbd_desc.o [1]
HAL_Delay               0x0800102f    0x22  Code  Wk  stm32f4xx_hal.o [1]
HAL_GPIO_Init           0x080038cd   0x1de  Code  Gb  stm32f4xx_hal_gpio.o [1]
HAL_GPIO_ReadPin        0x08003aab    0x12  Code  Gb  stm32f4xx_hal_gpio.o [1]
HAL_GetTick             0x08001029     0x6  Code  Wk  stm32f4xx_hal.o [1]
HAL_IncTick             0x08001019    0x10  Code  Wk  stm32f4xx_hal.o [1]
HAL_InitTick            0x08000fd9    0x40  Code  Wk  stm32f4xx_hal.o [1]
HAL_NVIC_DisableIRQ     0x08001185     0xa  Code  Gb  stm32f4xx_hal_cortex.o [1]
HAL_NVIC_EnableIRQ      0x0800117b     0xa  Code  Gb  stm32f4xx_hal_cortex.o [1]
HAL_NVIC_SetPriority    0x08001159    0x22  Code  Gb  stm32f4xx_hal_cortex.o [1]
HAL_NVIC_SetPriorityGrouping
                        0x08001151     0x8  Code  Gb  stm32f4xx_hal_cortex.o [1]
HAL_PCDEx_LPM_Callback  0x080021f1     0x2  Code  Wk  stm32f4xx_hal_pcd_ex.o [1]
HAL_PCDEx_SetRxFiFo     0x080021e7     0xa  Code  Gb  stm32f4xx_hal_pcd_ex.o [1]
HAL_PCDEx_SetTxFiFo     0x0800218f    0x58  Code  Gb  stm32f4xx_hal_pcd_ex.o [1]
HAL_PCD_ConnectCallback
                        0x08001fb3     0xc  Code  Gb  usbd_conf.o [1]
HAL_PCD_DataInStageCallback
                        0x08001f29    0x1a  Code  Gb  usbd_conf.o [1]
HAL_PCD_DataOutStageCallback
                        0x08001f0d    0x1c  Code  Gb  usbd_conf.o [1]
HAL_PCD_DeInit          0x08001331    0x28  Code  Gb  stm32f4xx_hal_pcd.o [1]
HAL_PCD_DisconnectCallback
                        0x08001fbf     0xc  Code  Gb  usbd_conf.o [1]
HAL_PCD_EP_Close        0x08001975    0x5e  Code  Gb  stm32f4xx_hal_pcd.o [1]
HAL_PCD_EP_ClrStall     0x08001b0d    0x72  Code  Gb  stm32f4xx_hal_pcd.o [1]
HAL_PCD_EP_GetRxCount   0x08001a25    0x12  Code  Gb  stm32f4xx_hal_pcd.o [1]
HAL_PCD_EP_Open         0x080018f9    0x7c  Code  Gb  stm32f4xx_hal_pcd.o [1]
HAL_PCD_EP_Receive      0x080019d3    0x52  Code  Gb  stm32f4xx_hal_pcd.o [1]
HAL_PCD_EP_SetStall     0x08001a83    0x8a  Code  Gb  stm32f4xx_hal_pcd.o [1]
HAL_PCD_EP_Transmit     0x08001a37    0x4c  Code  Gb  stm32f4xx_hal_pcd.o [1]
HAL_PCD_IRQHandler      0x080013db   0x4f2  Code  Gb  stm32f4xx_hal_pcd.o [1]
HAL_PCD_ISOINIncompleteCallback
                        0x08001fa5     0xe  Code  Gb  usbd_conf.o [1]
HAL_PCD_ISOOUTIncompleteCallback
                        0x08001f97     0xe  Code  Gb  usbd_conf.o [1]
HAL_PCD_Init            0x080011bd   0x174  Code  Gb  stm32f4xx_hal_pcd.o [1]
HAL_PCD_MspDeInit       0x08001e95    0x66  Code  Gb  usbd_conf.o [1]
HAL_PCD_MspInit         0x08001e2d    0x68  Code  Gb  usbd_conf.o [1]
HAL_PCD_ResetCallback   0x08001f4f    0x30  Code  Gb  usbd_conf.o [1]
HAL_PCD_ResumeCallback  0x08001f8b     0xc  Code  Gb  usbd_conf.o [1]
HAL_PCD_SOFCallback     0x08001f43     0xc  Code  Gb  usbd_conf.o [1]
HAL_PCD_SetAddress      0x080018cd    0x2c  Code  Gb  stm32f4xx_hal_pcd.o [1]
HAL_PCD_SetupStageCallback
                        0x08001efb    0x12  Code  Gb  usbd_conf.o [1]
HAL_PCD_Start           0x08001359    0x42  Code  Gb  stm32f4xx_hal_pcd.o [1]
HAL_PCD_Stop            0x0800139b    0x40  Code  Gb  stm32f4xx_hal_pcd.o [1]
HAL_PCD_SuspendCallback
                        0x08001f7f     0xc  Code  Gb  usbd_conf.o [1]
HAL_PWREx_EnableFlashPowerDown
                        0x080047ad     0x8  Code  Gb  stm32f4xx_hal_pwr_ex.o [1]
HAL_PWR_EnterSTOPMode   0x080047b9    0x3a  Code  Gb  stm32f4xx_hal_pwr.o [1]
HAL_RCC_ClockConfig     0x080025ed   0x164  Code  Gb  stm32f4xx_hal_rcc.o [1]
HAL_RCC_DeInit          0x08005ea1   0x142  Code  Gb  stm32f4xx_hal_rcc_ex.o [1]
HAL_RCC_GetHCLKFreq     0x080027c9     0x6  Code  Gb  stm32f4xx_hal_rcc.o [1]
HAL_RCC_GetSysClockFreq
                        0x08002751    0x78  Code  Wk  stm32f4xx_hal_rcc.o [1]
HAL_RCC_OscConfig       0x080021f5   0x3f8  Code  Wk  stm32f4xx_hal_rcc.o [1]
HAL_SYSTICK_Config      0x0800118f     0x8  Code  Gb  stm32f4xx_hal_cortex.o [1]
HardFault_Handler       0x08003b97          Code  Gb  context_iar.o [1]
IntToUnicode            0x08006211    0x42  Code  Lc  usbd_desc.o [1]
LineCoding              0x200001cc     0x8  Data  Gb  usbd_cdc_interface.o [1]
MemManage_Handler       0x080065ab     0x2  Code  Gb  stm32f4xx_it.o [1]
NMI_Handler             0x080065a9     0x2  Code  Gb  stm32f4xx_it.o [1]
NVIC_EncodePriority     0x080010e5    0x3e  Code  Lc  stm32f4xx_hal_cortex.o [1]
OTG_FS_IRQHandler       0x08005a3f    0x12  Code  Gb  usbd_cdc_interface.o [1]
PCD_EP_OutSetupPacket_int
                        0x08001db5    0x70  Code  Lc  stm32f4xx_hal_pcd.o [1]
PCD_EP_OutXfrComplete_int
                        0x08001c67   0x14e  Code  Lc  stm32f4xx_hal_pcd.o [1]
PCD_WriteEmptyTxFifo    0x08001b7f    0xe8  Code  Lc  stm32f4xx_hal_pcd.o [1]
PendSV_Handler          0x08003b21          Code  Gb  context_iar.o [1]
Region$$Table$$Base     0x08006584           --   Gb  - Linker created -
Region$$Table$$Limit    0x080065a8           --   Gb  - Linker created -
SVC_Handler             0x080065b1     0x2  Code  Gb  stm32f4xx_it.o [1]
SysTick_Config          0x08001123    0x2e  Code  Lc  stm32f4xx_hal_cortex.o [1]
SysTick_Handler         0x080065b5    0x14  Code  Gb  stm32f4xx_it.o [1]
SystemCoreClock         0x200001d8     0x4  Data  Gb  system_stm32f4xx.o [1]
SystemInit              0x08006475    0x40  Code  Gb  system_stm32f4xx.o [1]
USBD_CDC                0x2000012c    0x38  Data  Gb  usbd_cdc.o [1]
USBD_CDC_CfgFSDesc      0x200000a4    0x44  Data  Gb  usbd_cdc.o [1]
USBD_CDC_CfgHSDesc      0x20000060    0x44  Data  Gb  usbd_cdc.o [1]
USBD_CDC_DataIn         0x08005611    0x6e  Code  Lc  usbd_cdc.o [1]
USBD_CDC_DataOut        0x0800567f    0x38  Code  Lc  usbd_cdc.o [1]
USBD_CDC_DeInit         0x080054cb    0x50  Code  Lc  usbd_cdc.o [1]
USBD_CDC_DeviceQualifierDesc
                        0x200001c0     0xc  Data  Lc  usbd_cdc.o [1]
USBD_CDC_EP0_RxReady    0x080056b7    0x36  Code  Lc  usbd_cdc.o [1]
USBD_CDC_GetDeviceQualifierDescriptor
                        0x08005705     0x8  Code  Gb  usbd_cdc.o [1]
USBD_CDC_GetFSCfgDesc   0x080056ed     0x8  Code  Lc  usbd_cdc.o [1]
USBD_CDC_GetHSCfgDesc   0x080056f5     0x8  Code  Lc  usbd_cdc.o [1]
USBD_CDC_GetOtherSpeedCfgDesc
                        0x080056fd     0x8  Code  Lc  usbd_cdc.o [1]
USBD_CDC_Init           0x08005409    0xc2  Code  Lc  usbd_cdc.o [1]
USBD_CDC_OtherSpeedCfgDesc
                        0x200000e8    0x44  Data  Gb  usbd_cdc.o [1]
USBD_CDC_ReceivePacket  0x0800574d    0x38  Code  Gb  usbd_cdc.o [1]
USBD_CDC_RegisterInterface
                        0x0800571d    0x12  Code  Gb  usbd_cdc.o [1]
USBD_CDC_SetRxBuffer    0x08005741     0xc  Code  Gb  usbd_cdc.o [1]
USBD_CDC_SetTxBuffer    0x0800572f    0x12  Code  Gb  usbd_cdc.o [1]
USBD_CDC_Setup          0x0800551b    0xf6  Code  Lc  usbd_cdc.o [1]
USBD_CDC_fops           0x200001b0    0x10  Data  Gb  usbd_cdc_interface.o [1]
USBD_ClrClassConfig     0x08002fd3    0x10  Code  Gb  usbd_core.o [1]
USBD_ClrFeature         0x08004235    0x24  Code  Lc  usbd_ctlreq.o [1]
USBD_CtlContinueRx      0x08004347    0x12  Code  Gb  usbd_ioreq.o [1]
USBD_CtlContinueSendData
                        0x08004311    0x12  Code  Gb  usbd_ioreq.o [1]
USBD_CtlError           0x08004281    0x16  Code  Gb  usbd_ctlreq.o [1]
USBD_CtlPrepareRx       0x08004323    0x24  Code  Gb  usbd_ioreq.o [1]
USBD_CtlReceiveStatus   0x0800436f    0x16  Code  Gb  usbd_ioreq.o [1]
USBD_CtlSendData        0x080042f1    0x20  Code  Gb  usbd_ioreq.o [1]
USBD_CtlSendStatus      0x08004359    0x16  Code  Gb  usbd_ioreq.o [1]
USBD_DeInit             0x08002f65    0x28  Code  Gb  usbd_core.o [1]
USBD_Device             0x20007e3c   0x29c  Data  Lc  usbd_cdc_interface.o [1]
USBD_DeviceDesc         0x2000019c    0x14  Data  Gb  usbd_desc.o [1]
USBD_GetConfig          0x080041a5    0x3e  Code  Lc  usbd_ctlreq.o [1]
USBD_GetDescriptor      0x08003f05   0x158  Code  Lc  usbd_ctlreq.o [1]
USBD_GetLen             0x080042dd    0x14  Code  Lc  usbd_ctlreq.o [1]
USBD_GetStatus          0x080041e3    0x3e  Code  Lc  usbd_ctlreq.o [1]
USBD_GetString          0x08004297    0x46  Code  Gb  usbd_ctlreq.o [1]
USBD_Init               0x08002f35    0x30  Code  Gb  usbd_core.o [1]
USBD_LL_ClearStallEP    0x0800209b    0x10  Code  Gb  usbd_conf.o [1]
USBD_LL_CloseEP         0x0800207b    0x10  Code  Gb  usbd_conf.o [1]
USBD_LL_DataInStage     0x080030fd   0x102  Code  Gb  usbd_core.o [1]
USBD_LL_DataOutStage    0x08003055    0xa8  Code  Gb  usbd_core.o [1]
USBD_LL_DeInit          0x08002037     0xe  Code  Gb  usbd_conf.o [1]
USBD_LL_DevConnected    0x080032ab     0x4  Code  Gb  usbd_core.o [1]
USBD_LL_DevDisconnected
                        0x080032af    0x18  Code  Gb  usbd_core.o [1]
USBD_LL_GetRxDataSize   0x0800210d     0xe  Code  Gb  usbd_conf.o [1]
USBD_LL_Init            0x08001fcb    0x6c  Code  Gb  usbd_conf.o [1]
USBD_LL_IsStallEP       0x080020ab    0x2e  Code  Gb  usbd_conf.o [1]
USBD_LL_IsoINIncomplete
                        0x080032a3     0x4  Code  Gb  usbd_core.o [1]
USBD_LL_IsoOUTIncomplete
                        0x080032a7     0x4  Code  Gb  usbd_core.o [1]
USBD_LL_OpenEP          0x08002061    0x1a  Code  Gb  usbd_conf.o [1]
USBD_LL_PrepareReceive  0x080020fb    0x12  Code  Gb  usbd_conf.o [1]
USBD_LL_Reset           0x080031ff    0x60  Code  Gb  usbd_core.o [1]
USBD_LL_Resume          0x08003277     0xc  Code  Gb  usbd_core.o [1]
USBD_LL_SOF             0x08003283    0x20  Code  Gb  usbd_core.o [1]
USBD_LL_SetSpeed        0x0800325f     0x6  Code  Gb  usbd_core.o [1]
USBD_LL_SetUSBAddress   0x080020d9    0x10  Code  Gb  usbd_conf.o [1]
USBD_LL_SetupStage      0x08002fe3    0x72  Code  Gb  usbd_core.o [1]
USBD_LL_StallEP         0x0800208b    0x10  Code  Gb  usbd_conf.o [1]
USBD_LL_Start           0x08002045     0xe  Code  Gb  usbd_conf.o [1]
USBD_LL_Stop            0x08002053     0xe  Code  Gb  usbd_conf.o [1]
USBD_LL_Suspend         0x08003265    0x12  Code  Gb  usbd_core.o [1]
USBD_LL_Transmit        0x080020e9    0x12  Code  Gb  usbd_conf.o [1]
USBD_LangIDDesc         0x200001dc     0x4  Data  Gb  usbd_desc.o [1]
USBD_ParseSetupRequest  0x08004259    0x28  Code  Gb  usbd_ctlreq.o [1]
USBD_RegisterClass      0x08002f8d    0x16  Code  Gb  usbd_core.o [1]
USBD_RunTestMode        0x08002fad     0x4  Code  Gb  usbd_core.o [1]
USBD_SetAddress         0x0800405d    0x5e  Code  Lc  usbd_ctlreq.o [1]
USBD_SetClassConfig     0x08002fb1    0x22  Code  Gb  usbd_core.o [1]
USBD_SetConfig          0x080040bb    0xe4  Code  Lc  usbd_ctlreq.o [1]
USBD_SetConfig::cfgidx  0x20008e06     0x1  Data  Lc  usbd_ctlreq.o [1]
USBD_SetFeature         0x08004221    0x14  Code  Lc  usbd_ctlreq.o [1]
USBD_Start              0x08002fa3     0xa  Code  Gb  usbd_core.o [1]
USBD_StdDevReq          0x08003bf1    0x7a  Code  Gb  usbd_ctlreq.o [1]
USBD_StdEPReq           0x08003cd5   0x230  Code  Gb  usbd_ctlreq.o [1]
USBD_StdItfReq          0x08003c6b    0x6a  Code  Gb  usbd_ctlreq.o [1]
USBD_StrDesc            0x200088f8   0x100  Data  Gb  usbd_desc.o [1]
USBD_StringSerial       0x20000180    0x1c  Data  Gb  usbd_desc.o [1]
USBD_VCP_ConfigStrDescriptor
                        0x0800616d    0x22  Code  Gb  usbd_desc.o [1]
USBD_VCP_DeviceDescriptor
                        0x0800611d     0x8  Code  Gb  usbd_desc.o [1]
USBD_VCP_InterfaceStrDescriptor
                        0x0800618f    0x22  Code  Gb  usbd_desc.o [1]
USBD_VCP_LangIDStrDescriptor
                        0x08006125     0x8  Code  Gb  usbd_desc.o [1]
USBD_VCP_ManufacturerStrDescriptor
                        0x0800614f    0x10  Code  Gb  usbd_desc.o [1]
USBD_VCP_ProductStrDescriptor
                        0x0800612d    0x22  Code  Gb  usbd_desc.o [1]
USBD_VCP_SerialStrDescriptor
                        0x0800615f     0xe  Code  Gb  usbd_desc.o [1]
USBD_static_free        0x08002135     0x2  Code  Gb  usbd_conf.o [1]
USBD_static_malloc      0x0800211b     0x4  Code  Gb  usbd_conf.o [1]
USBD_static_malloc::mem
                        0x200080d8   0x21c  Data  Lc  usbd_conf.o [1]
USB_ActivateEndpoint    0x080005a3    0xba  Code  Gb  stm32f4xx_ll_usb.o [1]
USB_ActivateSetup       0x08000ec3    0x42  Code  Gb  stm32f4xx_ll_usb.o [1]
USB_CoreInit            0x08000189    0x80  Code  Gb  stm32f4xx_ll_usb.o [1]
USB_CoreReset           0x08000f89    0x34  Code  Lc  stm32f4xx_ll_usb.o [1]
USB_DeactivateEndpoint  0x0800065d    0xb4  Code  Gb  stm32f4xx_ll_usb.o [1]
USB_DevConnect          0x08000e0d    0x1e  Code  Gb  stm32f4xx_ll_usb.o [1]
USB_DevDisconnect       0x08000e2b    0x1c  Code  Gb  stm32f4xx_ll_usb.o [1]
USB_DevInit             0x08000327   0x204  Code  Gb  stm32f4xx_ll_usb.o [1]
USB_DisableGlobalInt    0x080002e5     0xc  Code  Gb  stm32f4xx_ll_usb.o [1]
USB_EP0StartXfer        0x08000a45   0x1c4  Code  Gb  stm32f4xx_ll_usb.o [1]
USB_EP0_OutStart        0x08000f05    0x74  Code  Gb  stm32f4xx_ll_usb.o [1]
USB_EPClearStall        0x08000cef    0x8a  Code  Gb  stm32f4xx_ll_usb.o [1]
USB_EPSetStall          0x08000c5d    0x92  Code  Gb  stm32f4xx_ll_usb.o [1]
USB_EPStartXfer         0x08000711   0x2f6  Code  Gb  stm32f4xx_ll_usb.o [1]
USB_EnableGlobalInt     0x080002d9     0xc  Code  Gb  stm32f4xx_ll_usb.o [1]
USB_FlushRxFifo         0x0800054d    0x1e  Code  Gb  stm32f4xx_ll_usb.o [1]
USB_FlushTxFifo         0x0800052b    0x22  Code  Gb  stm32f4xx_ll_usb.o [1]
USB_GetDevSpeed         0x0800057f    0x24  Code  Gb  stm32f4xx_ll_usb.o [1]
USB_GetMode             0x08000ebb     0x8  Code  Gb  stm32f4xx_ll_usb.o [1]
USB_ReadDevAllInEpInterrupt
                        0x08000e63    0x12  Code  Gb  stm32f4xx_ll_usb.o [1]
USB_ReadDevAllOutEpInterrupt
                        0x08000e51    0x12  Code  Gb  stm32f4xx_ll_usb.o [1]
USB_ReadDevInEPInterrupt
                        0x08000e8d    0x2e  Code  Gb  stm32f4xx_ll_usb.o [1]
USB_ReadDevOutEPInterrupt
                        0x08000e75    0x18  Code  Gb  stm32f4xx_ll_usb.o [1]
USB_ReadInterrupts      0x08000e47     0xa  Code  Gb  stm32f4xx_ll_usb.o [1]
USB_ReadPacket          0x08000c3b    0x22  Code  Gb  stm32f4xx_ll_usb.o [1]
USB_SetCurrentMode      0x080002f1    0x36  Code  Gb  stm32f4xx_ll_usb.o [1]
USB_SetDevAddress       0x08000de3    0x2a  Code  Gb  stm32f4xx_ll_usb.o [1]
USB_SetDevSpeed         0x0800056b    0x14  Code  Gb  stm32f4xx_ll_usb.o [1]
USB_SetTurnaroundTime   0x08000209    0xd0  Code  Gb  stm32f4xx_ll_usb.o [1]
USB_StopDevice          0x08000d79    0x6a  Code  Gb  stm32f4xx_ll_usb.o [1]
USB_WritePacket         0x08000c09    0x32  Code  Gb  stm32f4xx_ll_usb.o [1]
UsageFault_Handler      0x080065af     0x2  Code  Gb  stm32f4xx_it.o [1]
VCP_Desc                0x20000164    0x1c  Data  Gb  usbd_desc.o [1]
__NVIC_DisableIRQ       0x080010a1    0x22  Code  Lc  stm32f4xx_hal_cortex.o [1]
__NVIC_EnableIRQ        0x08001087    0x1a  Code  Lc  stm32f4xx_hal_cortex.o [1]
__NVIC_GetPriorityGrouping
                        0x0800107d     0xa  Code  Lc  stm32f4xx_hal_cortex.o [1]
__NVIC_SetPriority      0x080010c3    0x22  Code  Lc  stm32f4xx_hal_cortex.o [1]
__NVIC_SetPriorityGrouping
                        0x08001061    0x1c  Code  Lc  stm32f4xx_hal_cortex.o [1]
__aeabi_ldiv0           0x08004385          Code  Gb  I64DivZer.o [5]
__aeabi_memset          0x08004389          Code  Gb  ABImemset.o [5]
__aeabi_uldivmod        0x080032c9          Code  Gb  I64DivMod.o [5]
__cmain                 0x080065c9          Code  Gb  cmain.o [5]
__exit                  0x080065f5    0x14  Code  Gb  exit.o [6]
__iar_Memset            0x08004389          Code  Gb  ABImemset.o [5]
__iar_Memset_word       0x08004391          Code  Gb  ABImemset.o [5]
__iar_copy_init3        0x08006511    0x2c  Code  Gb  copy_init3.o [5]
__iar_data_init3        0x080060d5    0x28  Code  Gb  data_init.o [5]
__iar_program_start     0x08006681          Code  Gb  cstartup_M.o [5]
__iar_unaligned___aeabi_memcpy4
                        0x08002139          Code  Gb  ABImemcpy_unaligned.o [5]
__iar_unaligned___aeabi_memcpy8
                        0x08002139          Code  Gb  ABImemcpy_unaligned.o [5]
__iar_zero_init3        0x080064d1    0x40  Code  Gb  zero_init3.o [5]
__low_level_init        0x08006045    0x12  Code  Gb  components.o [1]
__lowest_bit_bitmap     0x08006254   0x100  Data  Gb  kservice.o [1]
__rt_ffs                0x08004e6d    0x46  Code  Gb  kservice.o [1]
__rt_init__board_init_gpio
                        0x080066b4     0x4  Data  Gb  board.o [1]
__rt_init__lpm_board_init
                        0x080066b8     0x4  Data  Gb  drv_lpm.o [1]
__rt_init__lpm_prev_init
                        0x080066c0     0x4  Data  Gb  drv_lpm.o [1]
__rt_init__mempool_init
                        0x080066c4     0x4  Data  Gb  drv_mempool.o [1]
__rt_init__usbd_app_init
                        0x080066cc     0x4  Data  Gb  usbd_cdc_interface.o [1]
__rt_init_rti_board_end
                        0x080066bc     0x4  Data  Gb  components.o [1]
__rt_init_rti_board_start
                        0x080066b0     0x4  Data  Gb  components.o [1]
__rt_init_rti_end       0x080066d0     0x4  Data  Gb  components.o [1]
__rt_init_rti_start     0x080066ac     0x4  Data  Gb  components.o [1]
__rt_init_usbd_device_init
                        0x080066c8     0x4  Data  Gb  usbd_cdc_interface.o [1]
__vector_table          0x08000000          Data  Gb  startup_stm32f407xx.o [1]
_board_init_gpio        0x08005d59   0x114  Code  Lc  board.o [1]
_board_init_rcc         0x08005cb9    0x84  Code  Lc  board.o [1]
_board_init_systick     0x08005d3d    0x1c  Code  Lc  board.o [1]
_call_main              0x080065d5          Code  Gb  cmain.o [5]
_exit                   0x080065e9          Code  Gb  cexit.o [5]
_get_highest_priority_thread
                        0x0800457b    0x1a  Code  Lc  scheduler.o [1]
_has_defunct_thread     0x08004435    0x12  Code  Lc  idle.o [1]
_lpm_board_init         0x08003463    0x1c  Code  Lc  drv_lpm.o [1]
_lpm_prev_init          0x0800347f    0x30  Code  Lc  drv_lpm.o [1]
_lpm_sysclk_resume      0x080033e9    0x7a  Code  Lc  drv_lpm.o [1]
_main                   0x080065df          Code  Gb  cmain.o [5]
_mempool_init           0x08006355    0x7c  Code  Lc  drv_mempool.o [1]
_pin_get_irq_type       0x0800287b    0x66  Code  Lc  drv_pin.o [1]
_pin_get_st_port        0x0800280d    0x6e  Code  Lc  drv_pin.o [1]
_pin_irq_hdr            0x080028e1    0x40  Code  Lc  drv_pin.o [1]
_rt_thread_init         0x08004f3f    0x7c  Code  Lc  thread.o [1]
_rt_timer_init          0x08005167    0x30  Code  Lc  timer.o [1]
_rt_timer_remove        0x08005197    0x1a  Code  Lc  timer.o [1]
_usbd_app_init          0x08005a05    0x3a  Code  Lc  usbd_cdc_interface.o [1]
_usbd_module_pend       0x0800586b    0x1c  Code  Lc  usbd_cdc_interface.o [1]
_usbd_module_post       0x08005887    0x12  Code  Lc  usbd_cdc_interface.o [1]
_usbd_module_switch     0x08005899    0x32  Code  Lc  usbd_cdc_interface.o [1]
_usbd_plug_hdr          0x080058cb     0xc  Code  Lc  usbd_cdc_interface.o [1]
_usbd_task_sta_update   0x080058d7    0xca  Code  Lc  usbd_cdc_interface.o [1]
divide                  0x080049af    0x2c  Code  Lc  kservice.o [1]
exit                    0x080065e3     0x4  Code  Gb  exit.o [3]
hpcd                    0x20007a34   0x408  Data  Gb  usbd_conf.o [1]
idle                    0x20008b38    0x80  Data  Lc  idle.o [1]
idle_hook_list          0x20008db0    0x10  Data  Lc  idle.o [1]
lpm_cpu_ref             0x08003861    0x38  Code  Gb  drv_lpm.o [1]
lpm_enter_stop          0x08003899    0x24  Code  Gb  drv_lpm.o [1]
lpm_rcc_dis             0x080036ab   0x1b6  Code  Gb  drv_lpm.o [1]
lpm_rcc_en              0x080034af   0x1fc  Code  Gb  drv_lpm.o [1]
m_lpm_cpu_ref_num       0x20008e02     0x1  Data  Lc  drv_lpm.o [1]
m_lpm_rcc_ref_num       0x20008dc0     0x8  Data  Lc  drv_lpm.o [1]
m_mempool_1024_ctrl     0x20008d20    0x38  Data  Lc  drv_mempool.o [1]
m_mempool_1024_pool     0x200001e4  0x2b20  Data  Lc  drv_mempool.o [1]
m_mempool_128_ctrl      0x20008c78    0x38  Data  Lc  drv_mempool.o [1]
m_mempool_128_pool      0x20007278   0x7bc  Data  Lc  drv_mempool.o [1]
m_mempool_2048_ctrl     0x20008d58    0x38  Data  Lc  drv_mempool.o [1]
m_mempool_2048_pool     0x20002d04  0x2724  Data  Lc  drv_mempool.o [1]
m_mempool_256_ctrl      0x20008cb0    0x38  Data  Lc  drv_mempool.o [1]
m_mempool_256_pool      0x20006850   0xa28  Data  Lc  drv_mempool.o [1]
m_mempool_512_ctrl      0x20008ce8    0x38  Data  Lc  drv_mempool.o [1]
m_mempool_512_pool      0x20005428  0x1428  Data  Lc  drv_mempool.o [1]
m_pin_irq_hdr           0x200089f8    0xc0  Data  Lc  drv_pin.o [1]
m_usbd_event_module     0x20008d90    0x20  Data  Lc  usbd_cdc_interface.o [1]
m_usbd_fun_recv_hdr     0x20008dfc     0x4  Data  Lc  usbd_cdc_interface.o [1]
m_usbd_recv_buf         0x20008c38    0x40  Data  Lc  usbd_cdc_interface.o [1]
m_usbd_sta              0x20008e05     0x1  Data  Lc  usbd_cdc_interface.o [1]
m_usbd_stk_sta_update   0x200082f4   0x200  Data  Lc  usbd_cdc_interface.o [1]
m_usbd_thread_sta_update
                        0x20008bb8    0x80  Data  Lc  usbd_cdc_interface.o [1]
main                    0x080060fd    0x1e  Code  Gb  main.o [1]
main_stack              0x200084f8   0x180  Data  Lc  components.o [1]
main_thread             0x20008ab8    0x80  Data  Gb  components.o [1]
main_thread_entry       0x08006057     0xc  Code  Gb  components.o [1]
pin_attach_irq          0x08002d7d    0x94  Code  Gb  drv_pin.o [1]
pin_clock_enable        0x08002b05    0x68  Code  Gb  drv_pin.o [1]
pin_irq_enable          0x08002e11    0xf0  Code  Gb  drv_pin.o [1]
pin_mode                0x08002b99   0x13a  Code  Gb  drv_pin.o [1]
pin_mode_ex             0x08002cd3    0xaa  Code  Gb  drv_pin.o [1]
pin_read                0x08002b6d    0x2c  Code  Gb  drv_pin.o [1]
print_number            0x080049fd   0x15e  Code  Lc  kservice.o [1]
print_number::large_digits
                        0x0800661c    0x14  Data  Lc  kservice.o [1]
print_number::small_digits
                        0x08006608    0x14  Data  Lc  kservice.o [1]
rt_application_init     0x08006063    0x2a  Code  Gb  components.o [1]
rt_components_board_init
                        0x0800601d    0x14  Code  Gb  components.o [1]
rt_components_init      0x08006031    0x14  Code  Gb  components.o [1]
rt_current_priority     0x20008e04     0x1  Data  Gb  scheduler.o [1]
rt_current_thread       0x20008df0     0x4  Data  Gb  scheduler.o [1]
rt_enter_critical       0x08004749    0x16  Code  Gb  scheduler.o [1]
rt_event_init           0x08005b1b    0x20  Code  Gb  ipc.o [1]
rt_event_recv           0x08005bd9    0xe0  Code  Gb  ipc.o [1]
rt_event_send           0x08005b3b    0x9e  Code  Gb  ipc.o [1]
rt_exception_hook       0x20008de8     0x4  Data  Lc  cpuport.o [1]
rt_exit_critical        0x0800475f    0x30  Code  Gb  scheduler.o [1]
rt_hw_board_init        0x08005e89    0x16  Code  Gb  board.o [1]
rt_hw_context_switch    0x08003b03          Code  Gb  context_iar.o [1]
rt_hw_context_switch_interrupt
                        0x08003b03          Code  Gb  context_iar.o [1]
rt_hw_context_switch_to
                        0x08003b5d          Code  Gb  context_iar.o [1]
rt_hw_hard_fault_exception
                        0x0800483b    0x20  Code  Gb  cpuport.o [1]
rt_hw_interrupt_disable
                        0x08003af5          Code  Gb  context_iar.o [1]
rt_hw_interrupt_enable  0x08003afd          Code  Gb  context_iar.o [1]
rt_hw_interrupt_thread_switch
                        0x08003b95          Code  Gb  context_iar.o [1]
rt_hw_stack_init        0x080047fd    0x3e  Code  Gb  cpuport.o [1]
rt_interrupt_enter      0x080033b9    0x16  Code  Gb  irq.o [1]
rt_interrupt_from_thread
                        0x20008ddc     0x4  Data  Gb  cpuport.o [1]
rt_interrupt_leave      0x080033cf    0x16  Code  Gb  irq.o [1]
rt_interrupt_nest       0x20008e03     0x1  Data  Gb  irq.o [1]
rt_interrupt_to_thread  0x20008de0     0x4  Data  Gb  cpuport.o [1]
rt_ipc_list_suspend     0x08005abf    0x5c  Code  Lc  ipc.o [1]
rt_ipc_object_init      0x08005ab3     0xc  Code  Lc  ipc.o [1]
rt_list_init            0x08005a8d     0x8  Code  Lc  ipc.o [1]
rt_list_init            0x080063fd     0x8  Code  Lc  mempool.o [1]
rt_list_init            0x08004541     0x8  Code  Lc  scheduler.o [1]
rt_list_init            0x08004ec5     0x8  Code  Lc  thread.o [1]
rt_list_init            0x0800512d     0x8  Code  Lc  timer.o [1]
rt_list_insert_after    0x08004865     0xe  Code  Lc  object.o [1]
rt_list_insert_after    0x08004ecd     0xe  Code  Lc  thread.o [1]
rt_list_insert_after    0x08005135     0xe  Code  Lc  timer.o [1]
rt_list_insert_before   0x08005a95     0xe  Code  Lc  ipc.o [1]
rt_list_insert_before   0x08004549     0xe  Code  Lc  scheduler.o [1]
rt_list_isempty         0x08005aa3    0x10  Code  Lc  ipc.o [1]
rt_list_isempty         0x0800456b    0x10  Code  Lc  scheduler.o [1]
rt_list_isempty         0x08005157    0x10  Code  Lc  timer.o [1]
rt_list_remove          0x080043f1    0x14  Code  Lc  idle.o [1]
rt_list_remove          0x08004873    0x14  Code  Lc  object.o [1]
rt_list_remove          0x08004557    0x14  Code  Lc  scheduler.o [1]
rt_list_remove          0x08004edb    0x14  Code  Lc  thread.o [1]
rt_list_remove          0x08005143    0x14  Code  Lc  timer.o [1]
rt_memset               0x08004919    0x54  Code  Gb  kservice.o [1]
rt_mp_init              0x08006405    0x6e  Code  Gb  mempool.o [1]
rt_object_container     0x20000000    0x60  Data  Lc  object.o [1]
rt_object_detach        0x080048eb    0x1e  Code  Gb  object.o [1]
rt_object_get_information
                        0x08004887    0x24  Code  Gb  object.o [1]
rt_object_init          0x080048b1    0x3a  Code  Gb  object.o [1]
rt_object_is_systemobject
                        0x08004909     0xe  Code  Gb  object.o [1]
rt_schedule             0x080045e5    0xd2  Code  Gb  scheduler.o [1]
rt_schedule_insert_thread
                        0x080046b7    0x5a  Code  Gb  scheduler.o [1]
rt_schedule_remove_thread
                        0x08004711    0x38  Code  Gb  scheduler.o [1]
rt_scheduler_lock_nest  0x20008e00     0x2  Data  Lc  scheduler.o [1]
rt_show_version         0x080049ad     0x2  Code  Gb  kservice.o [1]
rt_sprintf              0x08004e5d    0x10  Code  Gb  kservice.o [1]
rt_strlen               0x0800499d    0x10  Code  Gb  kservice.o [1]
rt_strncpy              0x0800496d    0x30  Code  Gb  kservice.o [1]
rt_system_scheduler_init
                        0x08004595    0x2a  Code  Gb  scheduler.o [1]
rt_system_scheduler_start
                        0x080045bf    0x26  Code  Gb  scheduler.o [1]
rt_system_timer_init    0x080053af    0x18  Code  Gb  timer.o [1]
rt_system_timer_thread_init
                        0x080053d1     0x2  Code  Gb  timer.o [1]
rt_thread_defunct       0x20008dc8     0x8  Data  Gb  scheduler.o [1]
rt_thread_delay         0x0800507d     0x8  Code  Gb  thread.o [1]
rt_thread_exit          0x08004eef    0x50  Code  Gb  thread.o [1]
rt_thread_idle_entry    0x080044ab    0x24  Code  Lc  idle.o [1]
rt_thread_idle_excute   0x08004447    0x64  Code  Gb  idle.o [1]
rt_thread_idle_init     0x080044cf    0x5a  Code  Gb  idle.o [1]
rt_thread_idle_sethook  0x08004405    0x30  Code  Gb  idle.o [1]
rt_thread_init          0x08004fbb    0x36  Code  Gb  thread.o [1]
rt_thread_priority_table
                        0x200087f8   0x100  Data  Gb  scheduler.o [1]
rt_thread_ready_priority_group
                        0x20008dec     0x4  Data  Gb  scheduler.o [1]
rt_thread_resume        0x080050cd    0x3c  Code  Gb  thread.o [1]
rt_thread_self          0x08004ff1     0x6  Code  Gb  thread.o [1]
rt_thread_sleep         0x0800503b    0x42  Code  Gb  thread.o [1]
rt_thread_stack         0x20008678   0x180  Data  Lc  idle.o [1]
rt_thread_startup       0x08004ff7    0x2e  Code  Gb  thread.o [1]
rt_thread_suspend       0x08005085    0x48  Code  Gb  thread.o [1]
rt_thread_switch_interrupt_flag
                        0x20008de4     0x4  Data  Gb  cpuport.o [1]
rt_thread_timeout       0x0800510d    0x1e  Code  Gb  thread.o [1]
rt_thread_yield         0x08005031     0xa  Code  Gb  thread.o [1]
rt_tick                 0x20008dd8     0x4  Data  Lc  clock.o [1]
rt_tick_get             0x080053d5     0x6  Code  Gb  clock.o [1]
rt_tick_increase        0x080053db    0x2a  Code  Gb  clock.o [1]
rt_timer_check          0x08005345    0x6a  Code  Gb  timer.o [1]
rt_timer_control        0x08005313    0x32  Code  Gb  timer.o [1]
rt_timer_detach         0x080051d7    0x20  Code  Gb  timer.o [1]
rt_timer_init           0x080051b1    0x26  Code  Gb  timer.o [1]
rt_timer_list           0x20008dd0     0x8  Data  Lc  timer.o [1]
rt_timer_start          0x080051f7    0xee  Code  Gb  timer.o [1]
rt_timer_start::random_nr
                        0x20008df8     0x4  Data  Lc  timer.o [1]
rt_timer_stop           0x080052e5    0x2e  Code  Gb  timer.o [1]
rt_vsnprintf            0x08004b5b   0x2f2  Code  Gb  kservice.o [1]
rt_vsprintf             0x08004e4d    0x10  Code  Gb  kservice.o [1]
rti_board_end           0x08006015     0x4  Code  Lc  components.o [1]
rti_board_start         0x08006011     0x4  Code  Lc  components.o [1]
rti_end                 0x08006019     0x4  Code  Lc  components.o [1]
rti_start               0x0800600d     0x4  Code  Lc  components.o [1]
rtthread_startup        0x080060a9    0x2a  Code  Gb  components.o [1]
skip_atoi               0x080049db    0x22  Code  Lc  kservice.o [1]
usbd_device_init        0x080059a1    0x64  Code  Lc  usbd_cdc_interface.o [1]
uwTick                  0x20008df4     0x4  Data  Gb  stm32f4xx_hal.o [1]
uwTickFreq              0x200001e0     0x1  Data  Gb  stm32f4xx_hal.o [1]
uwTickPrio              0x200001d4     0x4  Data  Gb  stm32f4xx_hal.o [1]


[1] = E:\project\rt-thread\bsp\fyyp_rtu\Debug\Obj
[2] = command line
[3] = dl7M_tln.a
[4] = m7M_tl.a
[5] = rt7M_tl.a
[6] = shb_l.a

  26 074 bytes of readonly  code memory
   1 026 bytes of readonly  data memory
  44 548 bytes of readwrite data memory

Errors: none
Warnings: none
